Oct 23 14:52:22 nixosLabaku kernel: Linux version 6.6.57 (nixbld@localhost) (gcc (GCC) 13.2.0, GNU ld (GNU Binutils) 2.41) #1-NixOS SMP PREEMPT_DYNAMIC Thu Oct 17 13:24:38 UTC 2024
Oct 23 14:52:22 nixosLabaku kernel: Command line: initrd=\EFI\nixos\avsy7g7iqf8vsjqd1l8jm7816izns4hf-initrd-linux-6.6.57-initrd.efi init=/nix/store/q64n83nm9v6xzlvnzvq3n11kgsfk945n-nixos-system-nixosLabaku-24.05.20241020.8917291/init ip=dhcp loglevel=4
Oct 23 14:52:22 nixosLabaku kernel: BIOS-provided physical RAM map:
Oct 23 14:52:22 nixosLabaku kernel: BIOS-e820: [mem 0x0000000000000000-0x000000000009ffff] usable
Oct 23 14:52:22 nixosLabaku kernel: BIOS-e820: [mem 0x00000000000a0000-0x00000000000fffff] reserved
Oct 23 14:52:22 nixosLabaku kernel: BIOS-e820: [mem 0x0000000000100000-0x0000000009afefff] usable
Oct 23 14:52:22 nixosLabaku kernel: BIOS-e820: [mem 0x0000000009aff000-0x0000000009ffffff] reserved
Oct 23 14:52:22 nixosLabaku kernel: BIOS-e820: [mem 0x000000000a000000-0x000000000a1fffff] usable
Oct 23 14:52:22 nixosLabaku kernel: BIOS-e820: [mem 0x000000000a200000-0x000000000a20ffff] ACPI NVS
Oct 23 14:52:22 nixosLabaku kernel: BIOS-e820: [mem 0x000000000a210000-0x000000000affffff] usable
Oct 23 14:52:22 nixosLabaku kernel: BIOS-e820: [mem 0x000000000b000000-0x000000000b020fff] reserved
Oct 23 14:52:22 nixosLabaku kernel: BIOS-e820: [mem 0x000000000b021000-0x000000006f5fafff] usable
Oct 23 14:52:22 nixosLabaku kernel: BIOS-e820: [mem 0x000000006f5fb000-0x0000000075da8fff] reserved
Oct 23 14:52:22 nixosLabaku kernel: BIOS-e820: [mem 0x0000000075da9000-0x000000007603dfff] ACPI data
Oct 23 14:52:22 nixosLabaku kernel: BIOS-e820: [mem 0x000000007603e000-0x000000007803dfff] ACPI NVS
Oct 23 14:52:22 nixosLabaku kernel: BIOS-e820: [mem 0x000000007803e000-0x000000007a1fefff] reserved
Oct 23 14:52:22 nixosLabaku kernel: BIOS-e820: [mem 0x000000007a1ff000-0x000000007bffafff] usable
Oct 23 14:52:22 nixosLabaku kernel: BIOS-e820: [mem 0x000000007bffb000-0x000000007cffffff] reserved
Oct 23 14:52:22 nixosLabaku kernel: BIOS-e820: [mem 0x000000007d7f3000-0x000000007fffffff] reserved
Oct 23 14:52:22 nixosLabaku kernel: BIOS-e820: [mem 0x00000000f0000000-0x00000000f7ffffff] reserved
Oct 23 14:52:22 nixosLabaku kernel: BIOS-e820: [mem 0x00000000fd000000-0x00000000ffffffff] reserved
Oct 23 14:52:22 nixosLabaku kernel: BIOS-e820: [mem 0x0000000100000000-0x0000000857ffffff] usable
Oct 23 14:52:22 nixosLabaku kernel: BIOS-e820: [mem 0x0000000858000000-0x0000000877ffffff] reserved
Oct 23 14:52:22 nixosLabaku kernel: BIOS-e820: [mem 0x000000087ef40000-0x00000008a01fffff] reserved
Oct 23 14:52:22 nixosLabaku kernel: BIOS-e820: [mem 0x000000fd00000000-0x000000ffffffffff] reserved
Oct 23 14:52:22 nixosLabaku kernel: NX (Execute Disable) protection: active
Oct 23 14:52:22 nixosLabaku kernel: APIC: Static calls initialized
Oct 23 14:52:22 nixosLabaku kernel: e820: update [mem 0x5efef018-0x5effc857] usable ==> usable
Oct 23 14:52:22 nixosLabaku kernel: e820: update [mem 0x5efef018-0x5effc857] usable ==> usable
Oct 23 14:52:22 nixosLabaku kernel: e820: update [mem 0x5efe4018-0x5efeee57] usable ==> usable
Oct 23 14:52:22 nixosLabaku kernel: e820: update [mem 0x5efe4018-0x5efeee57] usable ==> usable
Oct 23 14:52:22 nixosLabaku kernel: extended physical RAM map:
Oct 23 14:52:22 nixosLabaku kernel: reserve setup_data: [mem 0x0000000000000000-0x000000000009ffff] usable
Oct 23 14:52:22 nixosLabaku kernel: reserve setup_data: [mem 0x00000000000a0000-0x00000000000fffff] reserved
Oct 23 14:52:22 nixosLabaku kernel: reserve setup_data: [mem 0x0000000000100000-0x0000000009afefff] usable
Oct 23 14:52:22 nixosLabaku kernel: reserve setup_data: [mem 0x0000000009aff000-0x0000000009ffffff] reserved
Oct 23 14:52:22 nixosLabaku kernel: reserve setup_data: [mem 0x000000000a000000-0x000000000a1fffff] usable
Oct 23 14:52:22 nixosLabaku kernel: reserve setup_data: [mem 0x000000000a200000-0x000000000a20ffff] ACPI NVS
Oct 23 14:52:22 nixosLabaku kernel: reserve setup_data: [mem 0x000000000a210000-0x000000000affffff] usable
Oct 23 14:52:22 nixosLabaku kernel: reserve setup_data: [mem 0x000000000b000000-0x000000000b020fff] reserved
Oct 23 14:52:22 nixosLabaku kernel: reserve setup_data: [mem 0x000000000b021000-0x000000005efe4017] usable
Oct 23 14:52:22 nixosLabaku kernel: reserve setup_data: [mem 0x000000005efe4018-0x000000005efeee57] usable
Oct 23 14:52:22 nixosLabaku kernel: reserve setup_data: [mem 0x000000005efeee58-0x000000005efef017] usable
Oct 23 14:52:22 nixosLabaku kernel: reserve setup_data: [mem 0x000000005efef018-0x000000005effc857] usable
Oct 23 14:52:22 nixosLabaku kernel: reserve setup_data: [mem 0x000000005effc858-0x000000006f5fafff] usable
Oct 23 14:52:22 nixosLabaku kernel: reserve setup_data: [mem 0x000000006f5fb000-0x0000000075da8fff] reserved
Oct 23 14:52:22 nixosLabaku kernel: reserve setup_data: [mem 0x0000000075da9000-0x000000007603dfff] ACPI data
Oct 23 14:52:22 nixosLabaku kernel: reserve setup_data: [mem 0x000000007603e000-0x000000007803dfff] ACPI NVS
Oct 23 14:52:22 nixosLabaku kernel: reserve setup_data: [mem 0x000000007803e000-0x000000007a1fefff] reserved
Oct 23 14:52:22 nixosLabaku kernel: reserve setup_data: [mem 0x000000007a1ff000-0x000000007bffafff] usable
Oct 23 14:52:22 nixosLabaku kernel: reserve setup_data: [mem 0x000000007bffb000-0x000000007cffffff] reserved
Oct 23 14:52:22 nixosLabaku kernel: reserve setup_data: [mem 0x000000007d7f3000-0x000000007fffffff] reserved
Oct 23 14:52:22 nixosLabaku kernel: reserve setup_data: [mem 0x00000000f0000000-0x00000000f7ffffff] reserved
Oct 23 14:52:22 nixosLabaku kernel: reserve setup_data: [mem 0x00000000fd000000-0x00000000ffffffff] reserved
Oct 23 14:52:22 nixosLabaku kernel: reserve setup_data: [mem 0x0000000100000000-0x0000000857ffffff] usable
Oct 23 14:52:22 nixosLabaku kernel: reserve setup_data: [mem 0x0000000858000000-0x0000000877ffffff] reserved
Oct 23 14:52:22 nixosLabaku kernel: reserve setup_data: [mem 0x000000087ef40000-0x00000008a01fffff] reserved
Oct 23 14:52:22 nixosLabaku kernel: reserve setup_data: [mem 0x000000fd00000000-0x000000ffffffffff] reserved
Oct 23 14:52:22 nixosLabaku kernel: efi: EFI v2.8 by American Megatrends
Oct 23 14:52:22 nixosLabaku kernel: efi: ACPI=0x7603d000 ACPI 2.0=0x7603d014 TPMFinalLog=0x77ff4000 SMBIOS=0x796a7000 SMBIOS 3.0=0x796a6000 MEMATTR=0x69c4f398 ESRT=0x6b625e98 RNG=0x7601bf18 INITRD=0x615ed698 TPMEventLog=0x75f04018 
Oct 23 14:52:22 nixosLabaku kernel: random: crng init done
Oct 23 14:52:22 nixosLabaku kernel: efi: Remove mem49: MMIO range=[0xf0000000-0xf7ffffff] (128MB) from e820 map
Oct 23 14:52:22 nixosLabaku kernel: e820: remove [mem 0xf0000000-0xf7ffffff] reserved
Oct 23 14:52:22 nixosLabaku kernel: efi: Remove mem50: MMIO range=[0xfd000000-0xfedfffff] (30MB) from e820 map
Oct 23 14:52:22 nixosLabaku kernel: e820: remove [mem 0xfd000000-0xfedfffff] reserved
Oct 23 14:52:22 nixosLabaku kernel: efi: Not removing mem51: MMIO range=[0xfee00000-0xfee00fff] (4KB) from e820 map
Oct 23 14:52:22 nixosLabaku kernel: efi: Remove mem52: MMIO range=[0xfee01000-0xffffffff] (17MB) from e820 map
Oct 23 14:52:22 nixosLabaku kernel: e820: remove [mem 0xfee01000-0xffffffff] reserved
Oct 23 14:52:22 nixosLabaku kernel: efi: Remove mem55: MMIO range=[0x880000000-0x8a01fffff] (514MB) from e820 map
Oct 23 14:52:22 nixosLabaku kernel: e820: remove [mem 0x880000000-0x8a01fffff] reserved
Oct 23 14:52:22 nixosLabaku kernel: SMBIOS 3.5.0 present.
Oct 23 14:52:22 nixosLabaku kernel: DMI: ASUS System Product Name/TUF GAMING X670E-PLUS WIFI, BIOS 1654 08/25/2023
Oct 23 14:52:22 nixosLabaku kernel: tsc: Fast TSC calibration using PIT
Oct 23 14:52:22 nixosLabaku kernel: tsc: Detected 4199.990 MHz processor
Oct 23 14:52:22 nixosLabaku kernel: e820: update [mem 0x00000000-0x00000fff] usable ==> reserved
Oct 23 14:52:22 nixosLabaku kernel: e820: remove [mem 0x000a0000-0x000fffff] usable
Oct 23 14:52:22 nixosLabaku kernel: last_pfn = 0x858000 max_arch_pfn = 0x400000000
Oct 23 14:52:22 nixosLabaku kernel: MTRR map: 5 entries (3 fixed + 2 variable; max 20), built from 9 variable MTRRs
Oct 23 14:52:22 nixosLabaku kernel: x86/PAT: Configuration [0-7]: WB  WC  UC- UC  WB  WP  UC- WT  
Oct 23 14:52:22 nixosLabaku kernel: e820: update [mem 0x80000000-0xffffffff] usable ==> reserved
Oct 23 14:52:22 nixosLabaku kernel: last_pfn = 0x7bffb max_arch_pfn = 0x400000000
Oct 23 14:52:22 nixosLabaku kernel: esrt: Reserving ESRT space from 0x000000006b625e98 to 0x000000006b625ed0.
Oct 23 14:52:22 nixosLabaku kernel: e820: update [mem 0x6b625000-0x6b625fff] usable ==> reserved
Oct 23 14:52:22 nixosLabaku kernel: Using GB pages for direct mapping
Oct 23 14:52:22 nixosLabaku kernel: Secure boot disabled
Oct 23 14:52:22 nixosLabaku kernel: RAMDISK: [mem 0x5effd000-0x5fd78fff]
Oct 23 14:52:22 nixosLabaku kernel: ACPI: Early table checksum verification disabled
Oct 23 14:52:22 nixosLabaku kernel: ACPI: RSDP 0x000000007603D014 000024 (v02 ALASKA)
Oct 23 14:52:22 nixosLabaku kernel: ACPI: XSDT 0x000000007603C728 00010C (v01 ALASKA A M I    01072009 AMI  01000013)
Oct 23 14:52:22 nixosLabaku kernel: ACPI: FACP 0x0000000076030000 000114 (v06 ALASKA A M I    01072009 AMI  00010013)
Oct 23 14:52:22 nixosLabaku kernel: ACPI: DSDT 0x0000000076021000 00E5B2 (v02 ALASKA A M I    01072009 INTL 20200717)
Oct 23 14:52:22 nixosLabaku kernel: ACPI: FACS 0x0000000078024000 000040
Oct 23 14:52:22 nixosLabaku kernel: ACPI: SSDT 0x000000007603A000 001113 (v01 AMD    PTUP     00000001 ASUS 00000001)
Oct 23 14:52:22 nixosLabaku kernel: ACPI: SSDT 0x0000000076032000 007BEC (v02 AMD    Splinter 00000002 MSFT 05000000)
Oct 23 14:52:22 nixosLabaku kernel: ACPI: SSDT 0x0000000076031000 000221 (v02 ALASKA CPUSSDT  01072009 AMI  01072009)
Oct 23 14:52:22 nixosLabaku kernel: ACPI: FIDT 0x0000000076020000 00009C (v01 ALASKA A M I    01072009 AMI  00010013)
Oct 23 14:52:22 nixosLabaku kernel: ACPI: MCFG 0x000000007601E000 00003C (v01 ALASKA A M I    01072009 MSFT 00010013)
Oct 23 14:52:22 nixosLabaku kernel: ACPI: HPET 0x000000007601D000 000038 (v01 ALASKA A M I    01072009 AMI  00000005)
Oct 23 14:52:22 nixosLabaku kernel: ACPI: WDRT 0x000000007601C000 000047 (v01 ALASKA A M I    01072009 AMI  00000005)
Oct 23 14:52:22 nixosLabaku kernel: ACPI: FPDT 0x000000007601A000 000044 (v01 ALASKA A M I    01072009 AMI  01000013)
Oct 23 14:52:22 nixosLabaku kernel: ACPI: VFCT 0x000000007600F000 00AE84 (v01 ALASKA A M I    00000001 AMD  31504F47)
Oct 23 14:52:22 nixosLabaku kernel: ACPI: BGRT 0x000000007600E000 000038 (v01 ALASKA A M I    01072009 AMI  00010013)
Oct 23 14:52:22 nixosLabaku kernel: ACPI: WPBT 0x0000000075F2F000 000040 (v01 ALASKA A M I    00000001 ASUS 00000001)
Oct 23 14:52:22 nixosLabaku kernel: ACPI: TPM2 0x0000000075F2E000 00004C (v04 ALASKA A M I    00000001 AMI  00000000)
Oct 23 14:52:22 nixosLabaku kernel: ACPI: SSDT 0x0000000075F29000 004DEE (v02 AMD    AmdTable 00000001 AMD  00000001)
Oct 23 14:52:22 nixosLabaku kernel: ACPI: CRAT 0x0000000075F28000 000EE8 (v01 AMD    AmdTable 00000001 AMD  00000001)
Oct 23 14:52:22 nixosLabaku kernel: ACPI: CDIT 0x0000000075F27000 000029 (v01 AMD    AmdTable 00000001 AMD  00000001)
Oct 23 14:52:22 nixosLabaku kernel: ACPI: SSDT 0x0000000075F25000 0015B0 (v02 AMD    CPMDFIG2 00000001 INTL 20200717)
Oct 23 14:52:22 nixosLabaku kernel: ACPI: SSDT 0x0000000075F22000 0029D4 (v02 AMD    CDFAAIG2 00000001 INTL 20200717)
Oct 23 14:52:22 nixosLabaku kernel: ACPI: SSDT 0x0000000075F19000 008EA9 (v02 AMD    CPMCMN   00000001 INTL 20200717)
Oct 23 14:52:22 nixosLabaku kernel: ACPI: SSDT 0x0000000075F16000 0022DE (v02 AMD    AOD      00000001 INTL 20200717)
Oct 23 14:52:22 nixosLabaku kernel: ACPI: WSMT 0x0000000075F15000 000028 (v01 ALASKA A M I    01072009 AMI  00010013)
Oct 23 14:52:22 nixosLabaku kernel: ACPI: APIC 0x0000000075F14000 00015E (v05 ALASKA A M I    01072009 AMI  00010013)
Oct 23 14:52:22 nixosLabaku kernel: ACPI: IVRS 0x0000000075F13000 0000D0 (v02 AMD    AmdTable 00000001 AMD  00000001)
Oct 23 14:52:22 nixosLabaku kernel: ACPI: SSDT 0x0000000075F12000 0004E0 (v02 AMD    MEMTOOL0 00000002 INTL 20200717)
Oct 23 14:52:22 nixosLabaku kernel: ACPI: SSDT 0x0000000075F11000 000920 (v02 AMD    CPMMSOSC 00000001 INTL 20200717)
Oct 23 14:52:22 nixosLabaku kernel: ACPI: SSDT 0x0000000075F10000 00045C (v02 AMD    AMDWOV   00000001 INTL 20200717)
Oct 23 14:52:22 nixosLabaku kernel: ACPI: SSDT 0x0000000075F0F000 00051E (v01 AMD    CPMAPMFD 00000001 INTL 20200717)
Oct 23 14:52:22 nixosLabaku kernel: ACPI: SSDT 0x0000000075F0E000 000085 (v02 AMD    AmdTable 00000001 INTL 20200717)
Oct 23 14:52:22 nixosLabaku kernel: ACPI: SSDT 0x0000000075F0D000 0000D8 (v02 AMD    AmdTable 00000001 INTL 20200717)
Oct 23 14:52:22 nixosLabaku kernel: ACPI: Reserving FACP table memory at [mem 0x76030000-0x76030113]
Oct 23 14:52:22 nixosLabaku kernel: ACPI: Reserving DSDT table memory at [mem 0x76021000-0x7602f5b1]
Oct 23 14:52:22 nixosLabaku kernel: ACPI: Reserving FACS table memory at [mem 0x78024000-0x7802403f]
Oct 23 14:52:22 nixosLabaku kernel: ACPI: Reserving SSDT table memory at [mem 0x7603a000-0x7603b112]
Oct 23 14:52:22 nixosLabaku kernel: ACPI: Reserving SSDT table memory at [mem 0x76032000-0x76039beb]
Oct 23 14:52:22 nixosLabaku kernel: ACPI: Reserving SSDT table memory at [mem 0x76031000-0x76031220]
Oct 23 14:52:22 nixosLabaku kernel: ACPI: Reserving FIDT table memory at [mem 0x76020000-0x7602009b]
Oct 23 14:52:22 nixosLabaku kernel: ACPI: Reserving MCFG table memory at [mem 0x7601e000-0x7601e03b]
Oct 23 14:52:22 nixosLabaku kernel: ACPI: Reserving HPET table memory at [mem 0x7601d000-0x7601d037]
Oct 23 14:52:22 nixosLabaku kernel: ACPI: Reserving WDRT table memory at [mem 0x7601c000-0x7601c046]
Oct 23 14:52:22 nixosLabaku kernel: ACPI: Reserving FPDT table memory at [mem 0x7601a000-0x7601a043]
Oct 23 14:52:22 nixosLabaku kernel: ACPI: Reserving VFCT table memory at [mem 0x7600f000-0x76019e83]
Oct 23 14:52:22 nixosLabaku kernel: ACPI: Reserving BGRT table memory at [mem 0x7600e000-0x7600e037]
Oct 23 14:52:22 nixosLabaku kernel: ACPI: Reserving WPBT table memory at [mem 0x75f2f000-0x75f2f03f]
Oct 23 14:52:22 nixosLabaku kernel: ACPI: Reserving TPM2 table memory at [mem 0x75f2e000-0x75f2e04b]
Oct 23 14:52:22 nixosLabaku kernel: ACPI: Reserving SSDT table memory at [mem 0x75f29000-0x75f2dded]
Oct 23 14:52:22 nixosLabaku kernel: ACPI: Reserving CRAT table memory at [mem 0x75f28000-0x75f28ee7]
Oct 23 14:52:22 nixosLabaku kernel: ACPI: Reserving CDIT table memory at [mem 0x75f27000-0x75f27028]
Oct 23 14:52:22 nixosLabaku kernel: ACPI: Reserving SSDT table memory at [mem 0x75f25000-0x75f265af]
Oct 23 14:52:22 nixosLabaku kernel: ACPI: Reserving SSDT table memory at [mem 0x75f22000-0x75f249d3]
Oct 23 14:52:22 nixosLabaku kernel: ACPI: Reserving SSDT table memory at [mem 0x75f19000-0x75f21ea8]
Oct 23 14:52:22 nixosLabaku kernel: ACPI: Reserving SSDT table memory at [mem 0x75f16000-0x75f182dd]
Oct 23 14:52:22 nixosLabaku kernel: ACPI: Reserving WSMT table memory at [mem 0x75f15000-0x75f15027]
Oct 23 14:52:22 nixosLabaku kernel: ACPI: Reserving APIC table memory at [mem 0x75f14000-0x75f1415d]
Oct 23 14:52:22 nixosLabaku kernel: ACPI: Reserving IVRS table memory at [mem 0x75f13000-0x75f130cf]
Oct 23 14:52:22 nixosLabaku kernel: ACPI: Reserving SSDT table memory at [mem 0x75f12000-0x75f124df]
Oct 23 14:52:22 nixosLabaku kernel: ACPI: Reserving SSDT table memory at [mem 0x75f11000-0x75f1191f]
Oct 23 14:52:22 nixosLabaku kernel: ACPI: Reserving SSDT table memory at [mem 0x75f10000-0x75f1045b]
Oct 23 14:52:22 nixosLabaku kernel: ACPI: Reserving SSDT table memory at [mem 0x75f0f000-0x75f0f51d]
Oct 23 14:52:22 nixosLabaku kernel: ACPI: Reserving SSDT table memory at [mem 0x75f0e000-0x75f0e084]
Oct 23 14:52:22 nixosLabaku kernel: ACPI: Reserving SSDT table memory at [mem 0x75f0d000-0x75f0d0d7]
Oct 23 14:52:22 nixosLabaku kernel: No NUMA configuration found
Oct 23 14:52:22 nixosLabaku kernel: Faking a node at [mem 0x0000000000000000-0x0000000857ffffff]
Oct 23 14:52:22 nixosLabaku kernel: NODE_DATA(0) allocated [mem 0x857ffa000-0x857ffffff]
Oct 23 14:52:22 nixosLabaku kernel: Zone ranges:
Oct 23 14:52:22 nixosLabaku kernel:   DMA      [mem 0x0000000000001000-0x0000000000ffffff]
Oct 23 14:52:22 nixosLabaku kernel:   DMA32    [mem 0x0000000001000000-0x00000000ffffffff]
Oct 23 14:52:22 nixosLabaku kernel:   Normal   [mem 0x0000000100000000-0x0000000857ffffff]
Oct 23 14:52:22 nixosLabaku kernel:   Device   empty
Oct 23 14:52:22 nixosLabaku kernel: Movable zone start for each node
Oct 23 14:52:22 nixosLabaku kernel: Early memory node ranges
Oct 23 14:52:22 nixosLabaku kernel:   node   0: [mem 0x0000000000001000-0x000000000009ffff]
Oct 23 14:52:22 nixosLabaku kernel:   node   0: [mem 0x0000000000100000-0x0000000009afefff]
Oct 23 14:52:22 nixosLabaku kernel:   node   0: [mem 0x000000000a000000-0x000000000a1fffff]
Oct 23 14:52:22 nixosLabaku kernel:   node   0: [mem 0x000000000a210000-0x000000000affffff]
Oct 23 14:52:22 nixosLabaku kernel:   node   0: [mem 0x000000000b021000-0x000000006f5fafff]
Oct 23 14:52:22 nixosLabaku kernel:   node   0: [mem 0x000000007a1ff000-0x000000007bffafff]
Oct 23 14:52:22 nixosLabaku kernel:   node   0: [mem 0x0000000100000000-0x0000000857ffffff]
Oct 23 14:52:22 nixosLabaku kernel: Initmem setup node 0 [mem 0x0000000000001000-0x0000000857ffffff]
Oct 23 14:52:22 nixosLabaku kernel: On node 0, zone DMA: 1 pages in unavailable ranges
Oct 23 14:52:22 nixosLabaku kernel: On node 0, zone DMA: 96 pages in unavailable ranges
Oct 23 14:52:22 nixosLabaku kernel: On node 0, zone DMA32: 1281 pages in unavailable ranges
Oct 23 14:52:22 nixosLabaku kernel: On node 0, zone DMA32: 16 pages in unavailable ranges
Oct 23 14:52:22 nixosLabaku kernel: On node 0, zone DMA32: 33 pages in unavailable ranges
Oct 23 14:52:22 nixosLabaku kernel: On node 0, zone DMA32: 11268 pages in unavailable ranges
Oct 23 14:52:22 nixosLabaku kernel: On node 0, zone Normal: 16389 pages in unavailable ranges
Oct 23 14:52:22 nixosLabaku kernel: ACPI: PM-Timer IO Port: 0x808
Oct 23 14:52:22 nixosLabaku kernel: ACPI: LAPIC_NMI (acpi_id[0xff] high edge lint[0x1])
Oct 23 14:52:22 nixosLabaku kernel: IOAPIC[0]: apic_id 32, version 33, address 0xfec00000, GSI 0-23
Oct 23 14:52:22 nixosLabaku kernel: IOAPIC[1]: apic_id 33, version 33, address 0xfec01000, GSI 24-55
Oct 23 14:52:22 nixosLabaku kernel: ACPI: INT_SRC_OVR (bus 0 bus_irq 0 global_irq 2 dfl dfl)
Oct 23 14:52:22 nixosLabaku kernel: ACPI: INT_SRC_OVR (bus 0 bus_irq 9 global_irq 9 low level)
Oct 23 14:52:22 nixosLabaku kernel: ACPI: Using ACPI (MADT) for SMP configuration information
Oct 23 14:52:22 nixosLabaku kernel: ACPI: HPET id: 0x10228201 base: 0xfed00000
Oct 23 14:52:22 nixosLabaku kernel: e820: update [mem 0x68ef0000-0x68fe3fff] usable ==> reserved
Oct 23 14:52:22 nixosLabaku kernel: smpboot: Allowing 16 CPUs, 0 hotplug CPUs
Oct 23 14:52:22 nixosLabaku kernel: PM: hibernation: Registered nosave memory: [mem 0x00000000-0x00000fff]
Oct 23 14:52:22 nixosLabaku kernel: PM: hibernation: Registered nosave memory: [mem 0x000a0000-0x000fffff]
Oct 23 14:52:22 nixosLabaku kernel: PM: hibernation: Registered nosave memory: [mem 0x09aff000-0x09ffffff]
Oct 23 14:52:22 nixosLabaku kernel: PM: hibernation: Registered nosave memory: [mem 0x0a200000-0x0a20ffff]
Oct 23 14:52:22 nixosLabaku kernel: PM: hibernation: Registered nosave memory: [mem 0x0b000000-0x0b020fff]
Oct 23 14:52:22 nixosLabaku kernel: PM: hibernation: Registered nosave memory: [mem 0x5efe4000-0x5efe4fff]
Oct 23 14:52:22 nixosLabaku kernel: PM: hibernation: Registered nosave memory: [mem 0x5efee000-0x5efeefff]
Oct 23 14:52:22 nixosLabaku kernel: PM: hibernation: Registered nosave memory: [mem 0x5efef000-0x5efeffff]
Oct 23 14:52:22 nixosLabaku kernel: PM: hibernation: Registered nosave memory: [mem 0x5effc000-0x5effcfff]
Oct 23 14:52:22 nixosLabaku kernel: PM: hibernation: Registered nosave memory: [mem 0x68ef0000-0x68fe3fff]
Oct 23 14:52:22 nixosLabaku kernel: PM: hibernation: Registered nosave memory: [mem 0x6b625000-0x6b625fff]
Oct 23 14:52:22 nixosLabaku kernel: PM: hibernation: Registered nosave memory: [mem 0x6f5fb000-0x75da8fff]
Oct 23 14:52:22 nixosLabaku kernel: PM: hibernation: Registered nosave memory: [mem 0x75da9000-0x7603dfff]
Oct 23 14:52:22 nixosLabaku kernel: PM: hibernation: Registered nosave memory: [mem 0x7603e000-0x7803dfff]
Oct 23 14:52:22 nixosLabaku kernel: PM: hibernation: Registered nosave memory: [mem 0x7803e000-0x7a1fefff]
Oct 23 14:52:22 nixosLabaku kernel: PM: hibernation: Registered nosave memory: [mem 0x7bffb000-0x7cffffff]
Oct 23 14:52:22 nixosLabaku kernel: PM: hibernation: Registered nosave memory: [mem 0x7d000000-0x7d7f2fff]
Oct 23 14:52:22 nixosLabaku kernel: PM: hibernation: Registered nosave memory: [mem 0x7d7f3000-0x7fffffff]
Oct 23 14:52:22 nixosLabaku kernel: PM: hibernation: Registered nosave memory: [mem 0x80000000-0xfedfffff]
Oct 23 14:52:22 nixosLabaku kernel: PM: hibernation: Registered nosave memory: [mem 0xfee00000-0xfee00fff]
Oct 23 14:52:22 nixosLabaku kernel: PM: hibernation: Registered nosave memory: [mem 0xfee01000-0xffffffff]
Oct 23 14:52:22 nixosLabaku kernel: [mem 0x80000000-0xfedfffff] available for PCI devices
Oct 23 14:52:22 nixosLabaku kernel: Booting paravirtualized kernel on bare hardware
Oct 23 14:52:22 nixosLabaku kernel: clocksource: refined-jiffies: mask: 0xffffffff max_cycles: 0xffffffff, max_idle_ns: 1910969940391419 ns
Oct 23 14:52:22 nixosLabaku kernel: setup_percpu: NR_CPUS:384 nr_cpumask_bits:16 nr_cpu_ids:16 nr_node_ids:1
Oct 23 14:52:22 nixosLabaku kernel: percpu: Embedded 84 pages/cpu s221184 r8192 d114688 u524288
Oct 23 14:52:22 nixosLabaku kernel: pcpu-alloc: s221184 r8192 d114688 u524288 alloc=1*2097152
Oct 23 14:52:22 nixosLabaku kernel: pcpu-alloc: [0] 00 01 02 03 [0] 04 05 06 07 
Oct 23 14:52:22 nixosLabaku kernel: pcpu-alloc: [0] 08 09 10 11 [0] 12 13 14 15 
Oct 23 14:52:22 nixosLabaku kernel: Kernel command line: initrd=\EFI\nixos\avsy7g7iqf8vsjqd1l8jm7816izns4hf-initrd-linux-6.6.57-initrd.efi init=/nix/store/q64n83nm9v6xzlvnzvq3n11kgsfk945n-nixos-system-nixosLabaku-24.05.20241020.8917291/init ip=dhcp loglevel=4
Oct 23 14:52:22 nixosLabaku kernel: Unknown kernel command line parameters "ip=dhcp", will be passed to user space.
Oct 23 14:52:22 nixosLabaku kernel: Dentry cache hash table entries: 4194304 (order: 13, 33554432 bytes, linear)
Oct 23 14:52:22 nixosLabaku kernel: Inode-cache hash table entries: 2097152 (order: 12, 16777216 bytes, linear)
Oct 23 14:52:22 nixosLabaku kernel: Fallback order for Node 0: 0 
Oct 23 14:52:22 nixosLabaku kernel: Built 1 zonelists, mobility grouping on.  Total pages: 8035209
Oct 23 14:52:22 nixosLabaku kernel: Policy zone: Normal
Oct 23 14:52:22 nixosLabaku kernel: mem auto-init: stack:all(zero), heap alloc:off, heap free:off
Oct 23 14:52:22 nixosLabaku kernel: software IO TLB: area num 16.
Oct 23 14:52:22 nixosLabaku kernel: Memory: 31878208K/32651664K available (14336K kernel code, 2365K rwdata, 10836K rodata, 3096K init, 4548K bss, 773200K reserved, 0K cma-reserved)
Oct 23 14:52:22 nixosLabaku kernel: SLUB: HWalign=64, Order=0-3, MinObjects=0, CPUs=16, Nodes=1
Oct 23 14:52:22 nixosLabaku kernel: ftrace: allocating 42794 entries in 168 pages
Oct 23 14:52:22 nixosLabaku kernel: ftrace: allocated 168 pages with 3 groups
Oct 23 14:52:22 nixosLabaku kernel: Dynamic Preempt: voluntary
Oct 23 14:52:22 nixosLabaku kernel: rcu: Preemptible hierarchical RCU implementation.
Oct 23 14:52:22 nixosLabaku kernel: rcu:         RCU event tracing is enabled.
Oct 23 14:52:22 nixosLabaku kernel: rcu:         RCU restricting CPUs from NR_CPUS=384 to nr_cpu_ids=16.
Oct 23 14:52:22 nixosLabaku kernel:         Trampoline variant of Tasks RCU enabled.
Oct 23 14:52:22 nixosLabaku kernel:         Rude variant of Tasks RCU enabled.
Oct 23 14:52:22 nixosLabaku kernel:         Tracing variant of Tasks RCU enabled.
Oct 23 14:52:22 nixosLabaku kernel: rcu: RCU calculated value of scheduler-enlistment delay is 100 jiffies.
Oct 23 14:52:22 nixosLabaku kernel: rcu: Adjusting geometry for rcu_fanout_leaf=16, nr_cpu_ids=16
Oct 23 14:52:22 nixosLabaku kernel: NR_IRQS: 24832, nr_irqs: 1096, preallocated irqs: 16
Oct 23 14:52:22 nixosLabaku kernel: rcu: srcu_init: Setting srcu_struct sizes based on contention.
Oct 23 14:52:22 nixosLabaku kernel: kfence: initialized - using 2097152 bytes for 255 objects at 0x(____ptrval____)-0x(____ptrval____)
Oct 23 14:52:22 nixosLabaku kernel: Console: colour dummy device 80x25
Oct 23 14:52:22 nixosLabaku kernel: printk: console [tty0] enabled
Oct 23 14:52:22 nixosLabaku kernel: ACPI: Core revision 20230628
Oct 23 14:52:22 nixosLabaku kernel: clocksource: hpet: mask: 0xffffffff max_cycles: 0xffffffff, max_idle_ns: 133484873504 ns
Oct 23 14:52:22 nixosLabaku kernel: APIC: Switch to symmetric I/O mode setup
Oct 23 14:52:22 nixosLabaku kernel: AMD-Vi: Using global IVHD EFR:0x246577efa2254afa, EFR2:0x0
Oct 23 14:52:22 nixosLabaku kernel: x2apic: IRQ remapping doesn't support X2APIC mode
Oct 23 14:52:22 nixosLabaku kernel: APIC: Switched APIC routing to: physical flat
Oct 23 14:52:22 nixosLabaku kernel: ..TIMER: vector=0x30 apic1=0 pin1=2 apic2=-1 pin2=-1
Oct 23 14:52:22 nixosLabaku kernel: clocksource: tsc-early: mask: 0xffffffffffffffff max_cycles: 0x3c8a577b6c9, max_idle_ns: 440795280316 ns
Oct 23 14:52:22 nixosLabaku kernel: Calibrating delay loop (skipped), value calculated using timer frequency.. 8399.98 BogoMIPS (lpj=4199990)
Oct 23 14:52:22 nixosLabaku kernel: x86/cpu: User Mode Instruction Prevention (UMIP) activated
Oct 23 14:52:22 nixosLabaku kernel: LVT offset 1 assigned for vector 0xf9
Oct 23 14:52:22 nixosLabaku kernel: LVT offset 2 assigned for vector 0xf4
Oct 23 14:52:22 nixosLabaku kernel: process: using mwait in idle threads
Oct 23 14:52:22 nixosLabaku kernel: Last level iTLB entries: 4KB 512, 2MB 512, 4MB 256
Oct 23 14:52:22 nixosLabaku kernel: Last level dTLB entries: 4KB 3072, 2MB 3072, 4MB 1536, 1GB 0
Oct 23 14:52:22 nixosLabaku kernel: Spectre V1 : Mitigation: usercopy/swapgs barriers and __user pointer sanitization
Oct 23 14:52:22 nixosLabaku kernel: Spectre V2 : Mitigation: Enhanced / Automatic IBRS
Oct 23 14:52:22 nixosLabaku kernel: Spectre V2 : Spectre v2 / SpectreRSB mitigation: Filling RSB on context switch
Oct 23 14:52:22 nixosLabaku kernel: Spectre V2 : mitigation: Enabling conditional Indirect Branch Prediction Barrier
Oct 23 14:52:22 nixosLabaku kernel: Spectre V2 : User space: Mitigation: STIBP always-on protection
Oct 23 14:52:22 nixosLabaku kernel: Speculative Store Bypass: Mitigation: Speculative Store Bypass disabled via prctl
Oct 23 14:52:22 nixosLabaku kernel: Speculative Return Stack Overflow: IBPB-extending microcode not applied!
Oct 23 14:52:22 nixosLabaku kernel: Speculative Return Stack Overflow: WARNING: See https://kernel.org/doc/html/latest/admin-guide/hw-vuln/srso.html for mitigation options.
Oct 23 14:52:22 nixosLabaku kernel: Speculative Return Stack Overflow: Vulnerable: Safe RET, no microcode
Oct 23 14:52:22 nixosLabaku kernel: x86/fpu: Supporting XSAVE feature 0x001: 'x87 floating point registers'
Oct 23 14:52:22 nixosLabaku kernel: x86/fpu: Supporting XSAVE feature 0x002: 'SSE registers'
Oct 23 14:52:22 nixosLabaku kernel: x86/fpu: Supporting XSAVE feature 0x004: 'AVX registers'
Oct 23 14:52:22 nixosLabaku kernel: x86/fpu: Supporting XSAVE feature 0x020: 'AVX-512 opmask'
Oct 23 14:52:22 nixosLabaku kernel: x86/fpu: Supporting XSAVE feature 0x040: 'AVX-512 Hi256'
Oct 23 14:52:22 nixosLabaku kernel: x86/fpu: Supporting XSAVE feature 0x080: 'AVX-512 ZMM_Hi256'
Oct 23 14:52:22 nixosLabaku kernel: x86/fpu: Supporting XSAVE feature 0x200: 'Protection Keys User registers'
Oct 23 14:52:22 nixosLabaku kernel: x86/fpu: Supporting XSAVE feature 0x800: 'Control-flow User registers'
Oct 23 14:52:22 nixosLabaku kernel: x86/fpu: xstate_offset[2]:  576, xstate_sizes[2]:  256
Oct 23 14:52:22 nixosLabaku kernel: x86/fpu: xstate_offset[5]:  832, xstate_sizes[5]:   64
Oct 23 14:52:22 nixosLabaku kernel: x86/fpu: xstate_offset[6]:  896, xstate_sizes[6]:  512
Oct 23 14:52:22 nixosLabaku kernel: x86/fpu: xstate_offset[7]: 1408, xstate_sizes[7]: 1024
Oct 23 14:52:22 nixosLabaku kernel: x86/fpu: xstate_offset[9]: 2432, xstate_sizes[9]:    8
Oct 23 14:52:22 nixosLabaku kernel: x86/fpu: xstate_offset[11]: 2440, xstate_sizes[11]:   16
Oct 23 14:52:22 nixosLabaku kernel: x86/fpu: Enabled xstate features 0xae7, context size is 2456 bytes, using 'compacted' format.
Oct 23 14:52:22 nixosLabaku kernel: Freeing SMP alternatives memory: 36K
Oct 23 14:52:22 nixosLabaku kernel: pid_max: default: 32768 minimum: 301
Oct 23 14:52:22 nixosLabaku kernel: LSM: initializing lsm=capability,landlock,yama,selinux,bpf,integrity
Oct 23 14:52:22 nixosLabaku kernel: landlock: Up and running.
Oct 23 14:52:22 nixosLabaku kernel: Yama: becoming mindful.
Oct 23 14:52:22 nixosLabaku kernel: SELinux:  Initializing.
Oct 23 14:52:22 nixosLabaku kernel: LSM support for eBPF active
Oct 23 14:52:22 nixosLabaku kernel: Mount-cache hash table entries: 65536 (order: 7, 524288 bytes, linear)
Oct 23 14:52:22 nixosLabaku kernel: Mountpoint-cache hash table entries: 65536 (order: 7, 524288 bytes, linear)
Oct 23 14:52:22 nixosLabaku kernel: smpboot: CPU0: AMD Ryzen 7 7800X3D 8-Core Processor (family: 0x19, model: 0x61, stepping: 0x2)
Oct 23 14:52:22 nixosLabaku kernel: RCU Tasks: Setting shift to 4 and lim to 1 rcu_task_cb_adjust=1.
Oct 23 14:52:22 nixosLabaku kernel: RCU Tasks Rude: Setting shift to 4 and lim to 1 rcu_task_cb_adjust=1.
Oct 23 14:52:22 nixosLabaku kernel: RCU Tasks Trace: Setting shift to 4 and lim to 1 rcu_task_cb_adjust=1.
Oct 23 14:52:22 nixosLabaku kernel: Performance Events: Fam17h+ 16-deep LBR, core perfctr, AMD PMU driver.
Oct 23 14:52:22 nixosLabaku kernel: ... version:                2
Oct 23 14:52:22 nixosLabaku kernel: ... bit width:              48
Oct 23 14:52:22 nixosLabaku kernel: ... generic registers:      6
Oct 23 14:52:22 nixosLabaku kernel: ... value mask:             0000ffffffffffff
Oct 23 14:52:22 nixosLabaku kernel: ... max period:             00007fffffffffff
Oct 23 14:52:22 nixosLabaku kernel: ... fixed-purpose events:   0
Oct 23 14:52:22 nixosLabaku kernel: ... event mask:             000000000000003f
Oct 23 14:52:22 nixosLabaku kernel: signal: max sigframe size: 3376
Oct 23 14:52:22 nixosLabaku kernel: rcu: Hierarchical SRCU implementation.
Oct 23 14:52:22 nixosLabaku kernel: rcu:         Max phase no-delay instances is 400.
Oct 23 14:52:22 nixosLabaku kernel: NMI watchdog: Enabled. Permanently consumes one hw-PMU counter.
Oct 23 14:52:22 nixosLabaku kernel: smp: Bringing up secondary CPUs ...
Oct 23 14:52:22 nixosLabaku kernel: smpboot: x86: Booting SMP configuration:
Oct 23 14:52:22 nixosLabaku kernel: .... node  #0, CPUs:        #1  #2  #3  #4  #5  #6  #7  #8  #9 #10 #11 #12 #13 #14 #15
Oct 23 14:52:22 nixosLabaku kernel: Spectre V2 : Update user space SMT mitigation: STIBP always-on
Oct 23 14:52:22 nixosLabaku kernel: smp: Brought up 1 node, 16 CPUs
Oct 23 14:52:22 nixosLabaku kernel: smpboot: Max logical packages: 1
Oct 23 14:52:22 nixosLabaku kernel: smpboot: Total of 16 processors activated (134399.68 BogoMIPS)
Oct 23 14:52:22 nixosLabaku kernel: devtmpfs: initialized
Oct 23 14:52:22 nixosLabaku kernel: x86/mm: Memory block size: 128MB
Oct 23 14:52:22 nixosLabaku kernel: ACPI: PM: Registering ACPI NVS region [mem 0x0a200000-0x0a20ffff] (65536 bytes)
Oct 23 14:52:22 nixosLabaku kernel: ACPI: PM: Registering ACPI NVS region [mem 0x7603e000-0x7803dfff] (33554432 bytes)
Oct 23 14:52:22 nixosLabaku kernel: clocksource: jiffies: mask: 0xffffffff max_cycles: 0xffffffff, max_idle_ns: 1911260446275000 ns
Oct 23 14:52:22 nixosLabaku kernel: futex hash table entries: 4096 (order: 6, 262144 bytes, linear)
Oct 23 14:52:22 nixosLabaku kernel: pinctrl core: initialized pinctrl subsystem
Oct 23 14:52:22 nixosLabaku kernel: PM: RTC time: 12:52:06, date: 2024-10-23
Oct 23 14:52:22 nixosLabaku kernel: NET: Registered PF_NETLINK/PF_ROUTE protocol family
Oct 23 14:52:22 nixosLabaku kernel: DMA: preallocated 4096 KiB GFP_KERNEL pool for atomic allocations
Oct 23 14:52:22 nixosLabaku kernel: DMA: preallocated 4096 KiB GFP_KERNEL|GFP_DMA pool for atomic allocations
Oct 23 14:52:22 nixosLabaku kernel: DMA: preallocated 4096 KiB GFP_KERNEL|GFP_DMA32 pool for atomic allocations
Oct 23 14:52:22 nixosLabaku kernel: audit: initializing netlink subsys (disabled)
Oct 23 14:52:22 nixosLabaku kernel: audit: type=2000 audit(1729687925.149:1): state=initialized audit_enabled=0 res=1
Oct 23 14:52:22 nixosLabaku kernel: thermal_sys: Registered thermal governor 'bang_bang'
Oct 23 14:52:22 nixosLabaku kernel: thermal_sys: Registered thermal governor 'step_wise'
Oct 23 14:52:22 nixosLabaku kernel: thermal_sys: Registered thermal governor 'user_space'
Oct 23 14:52:22 nixosLabaku kernel: cpuidle: using governor menu
Oct 23 14:52:22 nixosLabaku kernel: acpiphp: ACPI Hot Plug PCI Controller Driver version: 0.5
Oct 23 14:52:22 nixosLabaku kernel: PCI: MMCONFIG for domain 0000 [bus 00-7f] at [mem 0xf0000000-0xf7ffffff] (base 0xf0000000)
Oct 23 14:52:22 nixosLabaku kernel: PCI: Using configuration type 1 for base access
Oct 23 14:52:22 nixosLabaku kernel: kprobes: kprobe jump-optimization is enabled. All kprobes are optimized if possible.
Oct 23 14:52:22 nixosLabaku kernel: HugeTLB: registered 1.00 GiB page size, pre-allocated 0 pages
Oct 23 14:52:22 nixosLabaku kernel: HugeTLB: 16380 KiB vmemmap can be freed for a 1.00 GiB page
Oct 23 14:52:22 nixosLabaku kernel: HugeTLB: registered 2.00 MiB page size, pre-allocated 0 pages
Oct 23 14:52:22 nixosLabaku kernel: HugeTLB: 28 KiB vmemmap can be freed for a 2.00 MiB page
Oct 23 14:52:22 nixosLabaku kernel: ACPI: Added _OSI(Module Device)
Oct 23 14:52:22 nixosLabaku kernel: ACPI: Added _OSI(Processor Device)
Oct 23 14:52:22 nixosLabaku kernel: ACPI: Added _OSI(3.0 _SCP Extensions)
Oct 23 14:52:22 nixosLabaku kernel: ACPI: Added _OSI(Processor Aggregator Device)
Oct 23 14:52:22 nixosLabaku kernel: ACPI BIOS Error (bug): Could not resolve symbol [\_SB.PCI0.GPP7.UP00.DP40.UP00.DP68], AE_NOT_FOUND (20230628/dswload2-162)
Oct 23 14:52:22 nixosLabaku kernel: fbcon: Taking over console
Oct 23 14:52:22 nixosLabaku kernel: ACPI Error: AE_NOT_FOUND, During name lookup/catalog (20230628/psobject-220)
Oct 23 14:52:22 nixosLabaku kernel: ACPI: Skipping parse of AML opcode: OpcodeName unavailable (0x0010)
Oct 23 14:52:22 nixosLabaku kernel: ACPI: 15 ACPI AML tables successfully acquired and loaded
Oct 23 14:52:22 nixosLabaku kernel: ACPI: [Firmware Bug]: BIOS _OSI(Linux) query ignored
Oct 23 14:52:22 nixosLabaku kernel: ACPI: _OSC evaluation for CPUs failed, trying _PDC
Oct 23 14:52:22 nixosLabaku kernel: ACPI: EC: EC started
Oct 23 14:52:22 nixosLabaku kernel: ACPI: EC: interrupt blocked
Oct 23 14:52:22 nixosLabaku kernel: ACPI: EC: EC_CMD/EC_SC=0x66, EC_DATA=0x62
Oct 23 14:52:22 nixosLabaku kernel: ACPI: \_SB_.PCI0.SBRG.EC0_: Boot DSDT EC used to handle transactions
Oct 23 14:52:22 nixosLabaku kernel: ACPI: Interpreter enabled
Oct 23 14:52:22 nixosLabaku kernel: ACPI: PM: (supports S0 S3 S4 S5)
Oct 23 14:52:22 nixosLabaku kernel: ACPI: Using IOAPIC for interrupt routing
Oct 23 14:52:22 nixosLabaku kernel: PCI: Using host bridge windows from ACPI; if necessary, use "pci=nocrs" and report a bug
Oct 23 14:52:22 nixosLabaku kernel: PCI: Ignoring E820 reservations for host bridge windows
Oct 23 14:52:22 nixosLabaku kernel: ACPI: Enabled 7 GPEs in block 00 to 1F
Oct 23 14:52:22 nixosLabaku kernel: ACPI: PCI Root Bridge [PCI0] (domain 0000 [bus 00-ff])
Oct 23 14:52:22 nixosLabaku kernel: acpi PNP0A08:00: _OSC: OS supports [ExtendedConfig ASPM ClockPM Segments MSI HPX-Type3]
Oct 23 14:52:22 nixosLabaku kernel: acpi PNP0A08:00: _OSC: OS now controls [PCIeHotplug PME PCIeCapability LTR]
Oct 23 14:52:22 nixosLabaku kernel: acpi PNP0A08:00: [Firmware Info]: MMCONFIG for domain 0000 [bus 00-7f] only partially covers this bridge
Oct 23 14:52:22 nixosLabaku kernel: PCI host bridge to bus 0000:00
Oct 23 14:52:22 nixosLabaku kernel: pci_bus 0000:00: root bus resource [io  0x0000-0x03af window]
Oct 23 14:52:22 nixosLabaku kernel: pci_bus 0000:00: root bus resource [io  0x03e0-0x0cf7 window]
Oct 23 14:52:22 nixosLabaku kernel: pci_bus 0000:00: root bus resource [io  0x03b0-0x03df window]
Oct 23 14:52:22 nixosLabaku kernel: pci_bus 0000:00: root bus resource [io  0x0d00-0xffff window]
Oct 23 14:52:22 nixosLabaku kernel: pci_bus 0000:00: root bus resource [mem 0x000a0000-0x000dffff window]
Oct 23 14:52:22 nixosLabaku kernel: pci_bus 0000:00: root bus resource [mem 0x80000000-0xfcffffff window]
Oct 23 14:52:22 nixosLabaku kernel: pci_bus 0000:00: root bus resource [mem 0x880000000-0xfcffffffff window]
Oct 23 14:52:22 nixosLabaku kernel: pci_bus 0000:00: root bus resource [bus 00-ff]
Oct 23 14:52:22 nixosLabaku kernel: pci 0000:00:00.0: [1022:14d8] type 00 class 0x060000
Oct 23 14:52:22 nixosLabaku kernel: pci 0000:00:00.2: [1022:14d9] type 00 class 0x080600
Oct 23 14:52:22 nixosLabaku kernel: pci 0000:00:01.0: [1022:14da] type 00 class 0x060000
Oct 23 14:52:22 nixosLabaku kernel: pci 0000:00:02.0: [1022:14da] type 00 class 0x060000
Oct 23 14:52:22 nixosLabaku kernel: pci 0000:00:02.1: [1022:14db] type 01 class 0x060400
Oct 23 14:52:22 nixosLabaku kernel: pci 0000:00:02.1: enabling Extended Tags
Oct 23 14:52:22 nixosLabaku kernel: pci 0000:00:02.1: PME# supported from D0 D3hot D3cold
Oct 23 14:52:22 nixosLabaku kernel: pci 0000:00:02.2: [1022:14db] type 01 class 0x060400
Oct 23 14:52:22 nixosLabaku kernel: pci 0000:00:02.2: enabling Extended Tags
Oct 23 14:52:22 nixosLabaku kernel: pci 0000:00:02.2: PME# supported from D0 D3hot D3cold
Oct 23 14:52:22 nixosLabaku kernel: pci 0000:00:03.0: [1022:14da] type 00 class 0x060000
Oct 23 14:52:22 nixosLabaku kernel: pci 0000:00:04.0: [1022:14da] type 00 class 0x060000
Oct 23 14:52:22 nixosLabaku kernel: pci 0000:00:08.0: [1022:14da] type 00 class 0x060000
Oct 23 14:52:22 nixosLabaku kernel: pci 0000:00:08.1: [1022:14dd] type 01 class 0x060400
Oct 23 14:52:22 nixosLabaku kernel: pci 0000:00:08.1: enabling Extended Tags
Oct 23 14:52:22 nixosLabaku kernel: pci 0000:00:08.1: PME# supported from D0 D3hot D3cold
Oct 23 14:52:22 nixosLabaku kernel: pci 0000:00:08.3: [1022:14dd] type 01 class 0x060400
Oct 23 14:52:22 nixosLabaku kernel: pci 0000:00:08.3: enabling Extended Tags
Oct 23 14:52:22 nixosLabaku kernel: pci 0000:00:08.3: PME# supported from D0 D3hot D3cold
Oct 23 14:52:22 nixosLabaku kernel: pci 0000:00:14.0: [1022:790b] type 00 class 0x0c0500
Oct 23 14:52:22 nixosLabaku kernel: pci 0000:00:14.3: [1022:790e] type 00 class 0x060100
Oct 23 14:52:22 nixosLabaku kernel: pci 0000:00:18.0: [1022:14e0] type 00 class 0x060000
Oct 23 14:52:22 nixosLabaku kernel: pci 0000:00:18.1: [1022:14e1] type 00 class 0x060000
Oct 23 14:52:22 nixosLabaku kernel: pci 0000:00:18.2: [1022:14e2] type 00 class 0x060000
Oct 23 14:52:22 nixosLabaku kernel: pci 0000:00:18.3: [1022:14e3] type 00 class 0x060000
Oct 23 14:52:22 nixosLabaku kernel: pci 0000:00:18.4: [1022:14e4] type 00 class 0x060000
Oct 23 14:52:22 nixosLabaku kernel: pci 0000:00:18.5: [1022:14e5] type 00 class 0x060000
Oct 23 14:52:22 nixosLabaku kernel: pci 0000:00:18.6: [1022:14e6] type 00 class 0x060000
Oct 23 14:52:22 nixosLabaku kernel: pci 0000:00:18.7: [1022:14e7] type 00 class 0x060000
Oct 23 14:52:22 nixosLabaku kernel: pci 0000:01:00.0: [1022:43f4] type 01 class 0x060400
Oct 23 14:52:22 nixosLabaku kernel: pci 0000:01:00.0: enabling Extended Tags
Oct 23 14:52:22 nixosLabaku kernel: pci 0000:01:00.0: PME# supported from D0 D3hot D3cold
Oct 23 14:52:22 nixosLabaku kernel: pci 0000:00:02.1: PCI bridge to [bus 01-0e]
Oct 23 14:52:22 nixosLabaku kernel: pci 0000:00:02.1:   bridge window [io  0xf000-0xffff]
Oct 23 14:52:22 nixosLabaku kernel: pci 0000:00:02.1:   bridge window [mem 0xfc300000-0xfc9fffff]
Oct 23 14:52:22 nixosLabaku kernel: pci 0000:00:02.1:   bridge window [mem 0xfcf0300000-0xfcf03fffff 64bit pref]
Oct 23 14:52:22 nixosLabaku kernel: pci 0000:02:00.0: [1022:43f5] type 01 class 0x060400
Oct 23 14:52:22 nixosLabaku kernel: pci 0000:02:00.0: enabling Extended Tags
Oct 23 14:52:22 nixosLabaku kernel: pci 0000:02:00.0: PME# supported from D0 D3hot D3cold
Oct 23 14:52:22 nixosLabaku kernel: pci 0000:02:04.0: [1022:43f5] type 01 class 0x060400
Oct 23 14:52:22 nixosLabaku kernel: pci 0000:02:04.0: enabling Extended Tags
Oct 23 14:52:22 nixosLabaku kernel: pci 0000:02:04.0: PME# supported from D0 D3hot D3cold
Oct 23 14:52:22 nixosLabaku kernel: pci 0000:02:08.0: [1022:43f5] type 01 class 0x060400
Oct 23 14:52:22 nixosLabaku kernel: pci 0000:02:08.0: enabling Extended Tags
Oct 23 14:52:22 nixosLabaku kernel: pci 0000:02:08.0: PME# supported from D0 D3hot D3cold
Oct 23 14:52:22 nixosLabaku kernel: pci 0000:02:0c.0: [1022:43f5] type 01 class 0x060400
Oct 23 14:52:22 nixosLabaku kernel: pci 0000:02:0c.0: enabling Extended Tags
Oct 23 14:52:22 nixosLabaku kernel: pci 0000:02:0c.0: PME# supported from D0 D3hot D3cold
Oct 23 14:52:22 nixosLabaku kernel: pci 0000:02:0d.0: [1022:43f5] type 01 class 0x060400
Oct 23 14:52:22 nixosLabaku kernel: pci 0000:02:0d.0: enabling Extended Tags
Oct 23 14:52:22 nixosLabaku kernel: pci 0000:02:0d.0: PME# supported from D0 D3hot D3cold
Oct 23 14:52:22 nixosLabaku kernel: pci 0000:01:00.0: PCI bridge to [bus 02-0e]
Oct 23 14:52:22 nixosLabaku kernel: pci 0000:01:00.0:   bridge window [io  0xf000-0xffff]
Oct 23 14:52:22 nixosLabaku kernel: pci 0000:01:00.0:   bridge window [mem 0xfc300000-0xfc9fffff]
Oct 23 14:52:22 nixosLabaku kernel: pci 0000:01:00.0:   bridge window [mem 0xfcf0300000-0xfcf03fffff 64bit pref]
Oct 23 14:52:22 nixosLabaku kernel: pci 0000:02:00.0: PCI bridge to [bus 03]
Oct 23 14:52:22 nixosLabaku kernel: pci 0000:02:04.0: PCI bridge to [bus 04]
Oct 23 14:52:22 nixosLabaku kernel: pci 0000:05:00.0: [1022:43f4] type 01 class 0x060400
Oct 23 14:52:22 nixosLabaku kernel: pci 0000:05:00.0: enabling Extended Tags
Oct 23 14:52:22 nixosLabaku kernel: pci 0000:05:00.0: PME# supported from D0 D3hot D3cold
Oct 23 14:52:22 nixosLabaku kernel: pci 0000:02:08.0: PCI bridge to [bus 05-0c]
Oct 23 14:52:22 nixosLabaku kernel: pci 0000:02:08.0:   bridge window [io  0xf000-0xffff]
Oct 23 14:52:22 nixosLabaku kernel: pci 0000:02:08.0:   bridge window [mem 0xfc300000-0xfc7fffff]
Oct 23 14:52:22 nixosLabaku kernel: pci 0000:02:08.0:   bridge window [mem 0xfcf0300000-0xfcf03fffff 64bit pref]
Oct 23 14:52:22 nixosLabaku kernel: pci 0000:06:00.0: [1022:43f5] type 01 class 0x060400
Oct 23 14:52:22 nixosLabaku kernel: pci 0000:06:00.0: enabling Extended Tags
Oct 23 14:52:22 nixosLabaku kernel: pci 0000:06:00.0: PME# supported from D0 D3hot D3cold
Oct 23 14:52:22 nixosLabaku kernel: pci 0000:06:04.0: [1022:43f5] type 01 class 0x060400
Oct 23 14:52:22 nixosLabaku kernel: pci 0000:06:04.0: enabling Extended Tags
Oct 23 14:52:22 nixosLabaku kernel: pci 0000:06:04.0: PME# supported from D0 D3hot D3cold
Oct 23 14:52:22 nixosLabaku kernel: pci 0000:06:05.0: [1022:43f5] type 01 class 0x060400
Oct 23 14:52:22 nixosLabaku kernel: pci 0000:06:05.0: enabling Extended Tags
Oct 23 14:52:22 nixosLabaku kernel: pci 0000:06:05.0: PME# supported from D0 D3hot D3cold
Oct 23 14:52:22 nixosLabaku kernel: pci 0000:06:08.0: [1022:43f5] type 01 class 0x060400
Oct 23 14:52:22 nixosLabaku kernel: pci 0000:06:08.0: enabling Extended Tags
Oct 23 14:52:22 nixosLabaku kernel: pci 0000:06:08.0: PME# supported from D0 D3hot D3cold
Oct 23 14:52:22 nixosLabaku kernel: pci 0000:06:0c.0: [1022:43f5] type 01 class 0x060400
Oct 23 14:52:22 nixosLabaku kernel: pci 0000:06:0c.0: enabling Extended Tags
Oct 23 14:52:22 nixosLabaku kernel: pci 0000:06:0c.0: PME# supported from D0 D3hot D3cold
Oct 23 14:52:22 nixosLabaku kernel: pci 0000:06:0d.0: [1022:43f5] type 01 class 0x060400
Oct 23 14:52:22 nixosLabaku kernel: pci 0000:06:0d.0: enabling Extended Tags
Oct 23 14:52:22 nixosLabaku kernel: pci 0000:06:0d.0: PME# supported from D0 D3hot D3cold
Oct 23 14:52:22 nixosLabaku kernel: pci 0000:05:00.0: PCI bridge to [bus 06-0c]
Oct 23 14:52:22 nixosLabaku kernel: pci 0000:05:00.0:   bridge window [io  0xf000-0xffff]
Oct 23 14:52:22 nixosLabaku kernel: pci 0000:05:00.0:   bridge window [mem 0xfc300000-0xfc7fffff]
Oct 23 14:52:22 nixosLabaku kernel: pci 0000:05:00.0:   bridge window [mem 0xfcf0300000-0xfcf03fffff 64bit pref]
Oct 23 14:52:22 nixosLabaku kernel: pci 0000:06:00.0: PCI bridge to [bus 07]
Oct 23 14:52:22 nixosLabaku kernel: pci 0000:08:00.0: [10ec:8125] type 00 class 0x020000
Oct 23 14:52:22 nixosLabaku kernel: pci 0000:08:00.0: reg 0x10: [io  0xf000-0xf0ff]
Oct 23 14:52:22 nixosLabaku kernel: pci 0000:08:00.0: reg 0x18: [mem 0xfc700000-0xfc70ffff 64bit]
Oct 23 14:52:22 nixosLabaku kernel: pci 0000:08:00.0: reg 0x20: [mem 0xfc710000-0xfc713fff 64bit]
Oct 23 14:52:22 nixosLabaku kernel: pci 0000:08:00.0: supports D1 D2
Oct 23 14:52:22 nixosLabaku kernel: pci 0000:08:00.0: PME# supported from D0 D1 D2 D3hot D3cold
Oct 23 14:52:22 nixosLabaku kernel: pci 0000:06:04.0: PCI bridge to [bus 08]
Oct 23 14:52:22 nixosLabaku kernel: pci 0000:06:04.0:   bridge window [io  0xf000-0xffff]
Oct 23 14:52:22 nixosLabaku kernel: pci 0000:06:04.0:   bridge window [mem 0xfc700000-0xfc7fffff]
Oct 23 14:52:22 nixosLabaku kernel: pci 0000:09:00.0: [14c3:0616] type 00 class 0x028000
Oct 23 14:52:22 nixosLabaku kernel: pci 0000:09:00.0: reg 0x10: [mem 0xfcf0300000-0xfcf03fffff 64bit pref]
Oct 23 14:52:22 nixosLabaku kernel: pci 0000:09:00.0: reg 0x18: [mem 0xfc600000-0xfc607fff 64bit]
Oct 23 14:52:22 nixosLabaku kernel: pci 0000:09:00.0: enabling Extended Tags
Oct 23 14:52:22 nixosLabaku kernel: pci 0000:09:00.0: PME# supported from D0 D3hot D3cold
Oct 23 14:52:22 nixosLabaku kernel: pci 0000:06:05.0: PCI bridge to [bus 09]
Oct 23 14:52:22 nixosLabaku kernel: pci 0000:06:05.0:   bridge window [mem 0xfc600000-0xfc6fffff]
Oct 23 14:52:22 nixosLabaku kernel: pci 0000:06:05.0:   bridge window [mem 0xfcf0300000-0xfcf03fffff 64bit pref]
Oct 23 14:52:22 nixosLabaku kernel: pci 0000:0a:00.0: [1e0f:0009] type 00 class 0x010802
Oct 23 14:52:22 nixosLabaku kernel: pci 0000:0a:00.0: reg 0x10: [mem 0xfc500000-0xfc503fff 64bit]
Oct 23 14:52:22 nixosLabaku kernel: pci 0000:0a:00.0: enabling Extended Tags
Oct 23 14:52:22 nixosLabaku kernel: pci 0000:06:08.0: PCI bridge to [bus 0a]
Oct 23 14:52:22 nixosLabaku kernel: pci 0000:06:08.0:   bridge window [mem 0xfc500000-0xfc5fffff]
Oct 23 14:52:22 nixosLabaku kernel: pci 0000:0b:00.0: [1022:43f7] type 00 class 0x0c0330
Oct 23 14:52:22 nixosLabaku kernel: pci 0000:0b:00.0: reg 0x10: [mem 0xfc400000-0xfc407fff 64bit]
Oct 23 14:52:22 nixosLabaku kernel: pci 0000:0b:00.0: enabling Extended Tags
Oct 23 14:52:22 nixosLabaku kernel: pci 0000:0b:00.0: PME# supported from D0 D3hot D3cold
Oct 23 14:52:22 nixosLabaku kernel: pci 0000:06:0c.0: PCI bridge to [bus 0b]
Oct 23 14:52:22 nixosLabaku kernel: pci 0000:06:0c.0:   bridge window [mem 0xfc400000-0xfc4fffff]
Oct 23 14:52:22 nixosLabaku kernel: pci 0000:0c:00.0: [1022:43f6] type 00 class 0x010601
Oct 23 14:52:22 nixosLabaku kernel: pci 0000:0c:00.0: reg 0x24: [mem 0xfc380000-0xfc3803ff]
Oct 23 14:52:22 nixosLabaku kernel: pci 0000:0c:00.0: reg 0x30: [mem 0xfc300000-0xfc37ffff pref]
Oct 23 14:52:22 nixosLabaku kernel: pci 0000:0c:00.0: enabling Extended Tags
Oct 23 14:52:22 nixosLabaku kernel: pci 0000:0c:00.0: PME# supported from D0 D3hot D3cold
Oct 23 14:52:22 nixosLabaku kernel: pci 0000:06:0d.0: PCI bridge to [bus 0c]
Oct 23 14:52:22 nixosLabaku kernel: pci 0000:06:0d.0:   bridge window [mem 0xfc300000-0xfc3fffff]
Oct 23 14:52:22 nixosLabaku kernel: pci 0000:0d:00.0: [1022:43f7] type 00 class 0x0c0330
Oct 23 14:52:22 nixosLabaku kernel: pci 0000:0d:00.0: reg 0x10: [mem 0xfc900000-0xfc907fff 64bit]
Oct 23 14:52:22 nixosLabaku kernel: pci 0000:0d:00.0: enabling Extended Tags
Oct 23 14:52:22 nixosLabaku kernel: pci 0000:0d:00.0: PME# supported from D0 D3hot D3cold
Oct 23 14:52:22 nixosLabaku kernel: pci 0000:02:0c.0: PCI bridge to [bus 0d]
Oct 23 14:52:22 nixosLabaku kernel: pci 0000:02:0c.0:   bridge window [mem 0xfc900000-0xfc9fffff]
Oct 23 14:52:22 nixosLabaku kernel: pci 0000:0e:00.0: [1022:43f6] type 00 class 0x010601
Oct 23 14:52:22 nixosLabaku kernel: pci 0000:0e:00.0: reg 0x24: [mem 0xfc880000-0xfc8803ff]
Oct 23 14:52:22 nixosLabaku kernel: pci 0000:0e:00.0: reg 0x30: [mem 0xfc800000-0xfc87ffff pref]
Oct 23 14:52:22 nixosLabaku kernel: pci 0000:0e:00.0: enabling Extended Tags
Oct 23 14:52:22 nixosLabaku kernel: pci 0000:0e:00.0: PME# supported from D0 D3hot D3cold
Oct 23 14:52:22 nixosLabaku kernel: pci 0000:02:0d.0: PCI bridge to [bus 0e]
Oct 23 14:52:22 nixosLabaku kernel: pci 0000:02:0d.0:   bridge window [mem 0xfc800000-0xfc8fffff]
Oct 23 14:52:22 nixosLabaku kernel: pci 0000:0f:00.0: [144d:a809] type 00 class 0x010802
Oct 23 14:52:22 nixosLabaku kernel: pci 0000:0f:00.0: reg 0x10: [mem 0xfcf00000-0xfcf03fff 64bit]
Oct 23 14:52:22 nixosLabaku kernel: pci 0000:00:02.2: PCI bridge to [bus 0f]
Oct 23 14:52:22 nixosLabaku kernel: pci 0000:00:02.2:   bridge window [mem 0xfcf00000-0xfcffffff]
Oct 23 14:52:22 nixosLabaku kernel: pci 0000:10:00.0: [1002:164e] type 00 class 0x030000
Oct 23 14:52:22 nixosLabaku kernel: pci 0000:10:00.0: reg 0x10: [mem 0xfce0000000-0xfcefffffff 64bit pref]
Oct 23 14:52:22 nixosLabaku kernel: pci 0000:10:00.0: reg 0x18: [mem 0xfcf0000000-0xfcf01fffff 64bit pref]
Oct 23 14:52:22 nixosLabaku kernel: pci 0000:10:00.0: reg 0x20: [io  0xe000-0xe0ff]
Oct 23 14:52:22 nixosLabaku kernel: pci 0000:10:00.0: reg 0x24: [mem 0xfcd00000-0xfcd7ffff]
Oct 23 14:52:22 nixosLabaku kernel: pci 0000:10:00.0: enabling Extended Tags
Oct 23 14:52:22 nixosLabaku kernel: pci 0000:10:00.0: BAR 0: assigned to efifb
Oct 23 14:52:22 nixosLabaku kernel: pci 0000:10:00.0: PME# supported from D1 D2 D3hot D3cold
Oct 23 14:52:22 nixosLabaku kernel: pci 0000:10:00.1: [1002:1640] type 00 class 0x040300
Oct 23 14:52:22 nixosLabaku kernel: pci 0000:10:00.1: reg 0x10: [mem 0xfcd88000-0xfcd8bfff]
Oct 23 14:52:22 nixosLabaku kernel: pci 0000:10:00.1: enabling Extended Tags
Oct 23 14:52:22 nixosLabaku kernel: pci 0000:10:00.1: PME# supported from D1 D2 D3hot D3cold
Oct 23 14:52:22 nixosLabaku kernel: pci 0000:10:00.2: [1022:1649] type 00 class 0x108000
Oct 23 14:52:22 nixosLabaku kernel: pci 0000:10:00.2: reg 0x18: [mem 0xfcc00000-0xfccfffff]
Oct 23 14:52:22 nixosLabaku kernel: pci 0000:10:00.2: reg 0x24: [mem 0xfcd8c000-0xfcd8dfff]
Oct 23 14:52:22 nixosLabaku kernel: pci 0000:10:00.2: enabling Extended Tags
Oct 23 14:52:22 nixosLabaku kernel: pci 0000:10:00.3: [1022:15b6] type 00 class 0x0c0330
Oct 23 14:52:22 nixosLabaku kernel: pci 0000:10:00.3: reg 0x10: [mem 0xfcb00000-0xfcbfffff 64bit]
Oct 23 14:52:22 nixosLabaku kernel: pci 0000:10:00.3: enabling Extended Tags
Oct 23 14:52:22 nixosLabaku kernel: pci 0000:10:00.3: PME# supported from D0 D3hot D3cold
Oct 23 14:52:22 nixosLabaku kernel: pci 0000:10:00.4: [1022:15b7] type 00 class 0x0c0330
Oct 23 14:52:22 nixosLabaku kernel: pci 0000:10:00.4: reg 0x10: [mem 0xfca00000-0xfcafffff 64bit]
Oct 23 14:52:22 nixosLabaku kernel: pci 0000:10:00.4: enabling Extended Tags
Oct 23 14:52:22 nixosLabaku kernel: pci 0000:10:00.4: PME# supported from D0 D3hot D3cold
Oct 23 14:52:22 nixosLabaku kernel: pci 0000:10:00.6: [1022:15e3] type 00 class 0x040300
Oct 23 14:52:22 nixosLabaku kernel: pci 0000:10:00.6: reg 0x10: [mem 0xfcd80000-0xfcd87fff]
Oct 23 14:52:22 nixosLabaku kernel: pci 0000:10:00.6: enabling Extended Tags
Oct 23 14:52:22 nixosLabaku kernel: pci 0000:10:00.6: PME# supported from D0 D3hot D3cold
Oct 23 14:52:22 nixosLabaku kernel: pci 0000:00:08.1: PCI bridge to [bus 10]
Oct 23 14:52:22 nixosLabaku kernel: pci 0000:00:08.1:   bridge window [io  0xe000-0xefff]
Oct 23 14:52:22 nixosLabaku kernel: pci 0000:00:08.1:   bridge window [mem 0xfca00000-0xfcdfffff]
Oct 23 14:52:22 nixosLabaku kernel: pci 0000:00:08.1:   bridge window [mem 0xfce0000000-0xfcf01fffff 64bit pref]
Oct 23 14:52:22 nixosLabaku kernel: pci 0000:11:00.0: [1022:15b8] type 00 class 0x0c0330
Oct 23 14:52:22 nixosLabaku kernel: pci 0000:11:00.0: reg 0x10: [mem 0xfce00000-0xfcefffff 64bit]
Oct 23 14:52:22 nixosLabaku kernel: pci 0000:11:00.0: enabling Extended Tags
Oct 23 14:52:22 nixosLabaku kernel: pci 0000:11:00.0: PME# supported from D0 D3hot D3cold
Oct 23 14:52:22 nixosLabaku kernel: pci 0000:00:08.3: PCI bridge to [bus 11]
Oct 23 14:52:22 nixosLabaku kernel: pci 0000:00:08.3:   bridge window [mem 0xfce00000-0xfcefffff]
Oct 23 14:52:22 nixosLabaku kernel: ACPI: PCI: Interrupt link LNKA configured for IRQ 0
Oct 23 14:52:22 nixosLabaku kernel: ACPI: PCI: Interrupt link LNKB configured for IRQ 0
Oct 23 14:52:22 nixosLabaku kernel: ACPI: PCI: Interrupt link LNKC configured for IRQ 0
Oct 23 14:52:22 nixosLabaku kernel: ACPI: PCI: Interrupt link LNKD configured for IRQ 0
Oct 23 14:52:22 nixosLabaku kernel: ACPI: PCI: Interrupt link LNKE configured for IRQ 0
Oct 23 14:52:22 nixosLabaku kernel: ACPI: PCI: Interrupt link LNKF configured for IRQ 0
Oct 23 14:52:22 nixosLabaku kernel: ACPI: PCI: Interrupt link LNKG configured for IRQ 0
Oct 23 14:52:22 nixosLabaku kernel: ACPI: PCI: Interrupt link LNKH configured for IRQ 0
Oct 23 14:52:22 nixosLabaku kernel: ACPI: EC: interrupt unblocked
Oct 23 14:52:22 nixosLabaku kernel: ACPI: EC: event unblocked
Oct 23 14:52:22 nixosLabaku kernel: ACPI: EC: EC_CMD/EC_SC=0x66, EC_DATA=0x62
Oct 23 14:52:22 nixosLabaku kernel: ACPI: EC: GPE=0x4
Oct 23 14:52:22 nixosLabaku kernel: ACPI: \_SB_.PCI0.SBRG.EC0_: Boot DSDT EC initialization complete
Oct 23 14:52:22 nixosLabaku kernel: ACPI: \_SB_.PCI0.SBRG.EC0_: EC: Used to handle transactions and events
Oct 23 14:52:22 nixosLabaku kernel: iommu: Default domain type: Translated
Oct 23 14:52:22 nixosLabaku kernel: iommu: DMA domain TLB invalidation policy: lazy mode
Oct 23 14:52:22 nixosLabaku kernel: ACPI: bus type USB registered
Oct 23 14:52:22 nixosLabaku kernel: usbcore: registered new interface driver usbfs
Oct 23 14:52:22 nixosLabaku kernel: usbcore: registered new interface driver hub
Oct 23 14:52:22 nixosLabaku kernel: usbcore: registered new device driver usb
Oct 23 14:52:22 nixosLabaku kernel: efivars: Registered efivars operations
Oct 23 14:52:22 nixosLabaku kernel: NetLabel: Initializing
Oct 23 14:52:22 nixosLabaku kernel: NetLabel:  domain hash size = 128
Oct 23 14:52:22 nixosLabaku kernel: NetLabel:  protocols = UNLABELED CIPSOv4 CALIPSO
Oct 23 14:52:22 nixosLabaku kernel: NetLabel:  unlabeled traffic allowed by default
Oct 23 14:52:22 nixosLabaku kernel: PCI: Using ACPI for IRQ routing
Oct 23 14:52:22 nixosLabaku kernel: PCI: pci_cache_line_size set to 64 bytes
Oct 23 14:52:22 nixosLabaku kernel: e820: reserve RAM buffer [mem 0x09aff000-0x0bffffff]
Oct 23 14:52:22 nixosLabaku kernel: e820: reserve RAM buffer [mem 0x0a200000-0x0bffffff]
Oct 23 14:52:22 nixosLabaku kernel: e820: reserve RAM buffer [mem 0x0b000000-0x0bffffff]
Oct 23 14:52:22 nixosLabaku kernel: e820: reserve RAM buffer [mem 0x5efe4018-0x5fffffff]
Oct 23 14:52:22 nixosLabaku kernel: e820: reserve RAM buffer [mem 0x5efef018-0x5fffffff]
Oct 23 14:52:22 nixosLabaku kernel: e820: reserve RAM buffer [mem 0x68ef0000-0x6bffffff]
Oct 23 14:52:22 nixosLabaku kernel: e820: reserve RAM buffer [mem 0x6b625000-0x6bffffff]
Oct 23 14:52:22 nixosLabaku kernel: e820: reserve RAM buffer [mem 0x6f5fb000-0x6fffffff]
Oct 23 14:52:22 nixosLabaku kernel: e820: reserve RAM buffer [mem 0x7bffb000-0x7bffffff]
Oct 23 14:52:22 nixosLabaku kernel: pci 0000:10:00.0: vgaarb: setting as boot VGA device
Oct 23 14:52:22 nixosLabaku kernel: pci 0000:10:00.0: vgaarb: bridge control possible
Oct 23 14:52:22 nixosLabaku kernel: pci 0000:10:00.0: vgaarb: VGA device added: decodes=io+mem,owns=none,locks=none
Oct 23 14:52:22 nixosLabaku kernel: vgaarb: loaded
Oct 23 14:52:22 nixosLabaku kernel: hpet0: at MMIO 0xfed00000, IRQs 2, 8, 0
Oct 23 14:52:22 nixosLabaku kernel: hpet0: 3 comparators, 32-bit 14.318180 MHz counter
Oct 23 14:52:22 nixosLabaku kernel: clocksource: Switched to clocksource tsc-early
Oct 23 14:52:22 nixosLabaku kernel: VFS: Disk quotas dquot_6.6.0
Oct 23 14:52:22 nixosLabaku kernel: VFS: Dquot-cache hash table entries: 512 (order 0, 4096 bytes)
Oct 23 14:52:22 nixosLabaku kernel: pnp: PnP ACPI init
Oct 23 14:52:22 nixosLabaku kernel: system 00:00: [mem 0xf0000000-0xf7ffffff] has been reserved
Oct 23 14:52:22 nixosLabaku kernel: system 00:01: [mem 0x858000000-0x877ffffff window] has been reserved
Oct 23 14:52:22 nixosLabaku kernel: system 00:03: [io  0x0290-0x029f] has been reserved
Oct 23 14:52:22 nixosLabaku kernel: system 00:03: [io  0x0200-0x023f] has been reserved
Oct 23 14:52:22 nixosLabaku kernel: pnp 00:04: [dma 0 disabled]
Oct 23 14:52:22 nixosLabaku kernel: system 00:05: [io  0x04d0-0x04d1] has been reserved
Oct 23 14:52:22 nixosLabaku kernel: system 00:05: [io  0x040b] has been reserved
Oct 23 14:52:22 nixosLabaku kernel: system 00:05: [io  0x04d6] has been reserved
Oct 23 14:52:22 nixosLabaku kernel: system 00:05: [io  0x0c00-0x0c01] has been reserved
Oct 23 14:52:22 nixosLabaku kernel: system 00:05: [io  0x0c14] has been reserved
Oct 23 14:52:22 nixosLabaku kernel: system 00:05: [io  0x0c50-0x0c51] has been reserved
Oct 23 14:52:22 nixosLabaku kernel: system 00:05: [io  0x0c52] has been reserved
Oct 23 14:52:22 nixosLabaku kernel: system 00:05: [io  0x0c6c] has been reserved
Oct 23 14:52:22 nixosLabaku kernel: system 00:05: [io  0x0c6f] has been reserved
Oct 23 14:52:22 nixosLabaku kernel: system 00:05: [io  0x0cd8-0x0cdf] has been reserved
Oct 23 14:52:22 nixosLabaku kernel: system 00:05: [io  0x0800-0x089f] has been reserved
Oct 23 14:52:22 nixosLabaku kernel: system 00:05: [io  0x0b00-0x0b0f] has been reserved
Oct 23 14:52:22 nixosLabaku kernel: system 00:05: [io  0x0b20-0x0b3f] has been reserved
Oct 23 14:52:22 nixosLabaku kernel: system 00:05: [io  0x0900-0x090f] has been reserved
Oct 23 14:52:22 nixosLabaku kernel: system 00:05: [io  0x0910-0x091f] has been reserved
Oct 23 14:52:22 nixosLabaku kernel: system 00:05: [mem 0xfec00000-0xfec00fff] could not be reserved
Oct 23 14:52:22 nixosLabaku kernel: system 00:05: [mem 0xfec01000-0xfec01fff] could not be reserved
Oct 23 14:52:22 nixosLabaku kernel: system 00:05: [mem 0xfedc0000-0xfedc0fff] has been reserved
Oct 23 14:52:22 nixosLabaku kernel: system 00:05: [mem 0xfee00000-0xfee00fff] has been reserved
Oct 23 14:52:22 nixosLabaku kernel: system 00:05: [mem 0xfed80000-0xfed8ffff] could not be reserved
Oct 23 14:52:22 nixosLabaku kernel: system 00:05: [mem 0xfec10000-0xfec10fff] has been reserved
Oct 23 14:52:22 nixosLabaku kernel: system 00:05: [mem 0xfeb00000-0xfeb00fff] has been reserved
Oct 23 14:52:22 nixosLabaku kernel: system 00:05: [mem 0xff000000-0xffffffff] has been reserved
Oct 23 14:52:22 nixosLabaku kernel: pnp: PnP ACPI: found 6 devices
Oct 23 14:52:22 nixosLabaku kernel: clocksource: acpi_pm: mask: 0xffffff max_cycles: 0xffffff, max_idle_ns: 2085701024 ns
Oct 23 14:52:22 nixosLabaku kernel: NET: Registered PF_INET protocol family
Oct 23 14:52:22 nixosLabaku kernel: IP idents hash table entries: 262144 (order: 9, 2097152 bytes, linear)
Oct 23 14:52:22 nixosLabaku kernel: tcp_listen_portaddr_hash hash table entries: 16384 (order: 6, 262144 bytes, linear)
Oct 23 14:52:22 nixosLabaku kernel: Table-perturb hash table entries: 65536 (order: 6, 262144 bytes, linear)
Oct 23 14:52:22 nixosLabaku kernel: TCP established hash table entries: 262144 (order: 9, 2097152 bytes, linear)
Oct 23 14:52:22 nixosLabaku kernel: TCP bind hash table entries: 65536 (order: 9, 2097152 bytes, linear)
Oct 23 14:52:22 nixosLabaku kernel: TCP: Hash tables configured (established 262144 bind 65536)
Oct 23 14:52:22 nixosLabaku kernel: MPTCP token hash table entries: 32768 (order: 7, 786432 bytes, linear)
Oct 23 14:52:22 nixosLabaku kernel: UDP hash table entries: 16384 (order: 7, 524288 bytes, linear)
Oct 23 14:52:22 nixosLabaku kernel: UDP-Lite hash table entries: 16384 (order: 7, 524288 bytes, linear)
Oct 23 14:52:22 nixosLabaku kernel: NET: Registered PF_UNIX/PF_LOCAL protocol family
Oct 23 14:52:22 nixosLabaku kernel: NET: Registered PF_XDP protocol family
Oct 23 14:52:22 nixosLabaku kernel: pci 0000:02:00.0: PCI bridge to [bus 03]
Oct 23 14:52:22 nixosLabaku kernel: pci 0000:02:04.0: PCI bridge to [bus 04]
Oct 23 14:52:22 nixosLabaku kernel: pci 0000:06:00.0: PCI bridge to [bus 07]
Oct 23 14:52:22 nixosLabaku kernel: pci 0000:06:04.0: PCI bridge to [bus 08]
Oct 23 14:52:22 nixosLabaku kernel: pci 0000:06:04.0:   bridge window [io  0xf000-0xffff]
Oct 23 14:52:22 nixosLabaku kernel: pci 0000:06:04.0:   bridge window [mem 0xfc700000-0xfc7fffff]
Oct 23 14:52:22 nixosLabaku kernel: pci 0000:06:05.0: PCI bridge to [bus 09]
Oct 23 14:52:22 nixosLabaku kernel: pci 0000:06:05.0:   bridge window [mem 0xfc600000-0xfc6fffff]
Oct 23 14:52:22 nixosLabaku kernel: pci 0000:06:05.0:   bridge window [mem 0xfcf0300000-0xfcf03fffff 64bit pref]
Oct 23 14:52:22 nixosLabaku kernel: pci 0000:06:08.0: PCI bridge to [bus 0a]
Oct 23 14:52:22 nixosLabaku kernel: pci 0000:06:08.0:   bridge window [mem 0xfc500000-0xfc5fffff]
Oct 23 14:52:22 nixosLabaku kernel: pci 0000:06:0c.0: PCI bridge to [bus 0b]
Oct 23 14:52:22 nixosLabaku kernel: pci 0000:06:0c.0:   bridge window [mem 0xfc400000-0xfc4fffff]
Oct 23 14:52:22 nixosLabaku kernel: pci 0000:06:0d.0: PCI bridge to [bus 0c]
Oct 23 14:52:22 nixosLabaku kernel: pci 0000:06:0d.0:   bridge window [mem 0xfc300000-0xfc3fffff]
Oct 23 14:52:22 nixosLabaku kernel: pci 0000:05:00.0: PCI bridge to [bus 06-0c]
Oct 23 14:52:22 nixosLabaku kernel: pci 0000:05:00.0:   bridge window [io  0xf000-0xffff]
Oct 23 14:52:22 nixosLabaku kernel: pci 0000:05:00.0:   bridge window [mem 0xfc300000-0xfc7fffff]
Oct 23 14:52:22 nixosLabaku kernel: pci 0000:05:00.0:   bridge window [mem 0xfcf0300000-0xfcf03fffff 64bit pref]
Oct 23 14:52:22 nixosLabaku kernel: pci 0000:02:08.0: PCI bridge to [bus 05-0c]
Oct 23 14:52:22 nixosLabaku kernel: pci 0000:02:08.0:   bridge window [io  0xf000-0xffff]
Oct 23 14:52:22 nixosLabaku kernel: pci 0000:02:08.0:   bridge window [mem 0xfc300000-0xfc7fffff]
Oct 23 14:52:22 nixosLabaku kernel: pci 0000:02:08.0:   bridge window [mem 0xfcf0300000-0xfcf03fffff 64bit pref]
Oct 23 14:52:22 nixosLabaku kernel: pci 0000:02:0c.0: PCI bridge to [bus 0d]
Oct 23 14:52:22 nixosLabaku kernel: pci 0000:02:0c.0:   bridge window [mem 0xfc900000-0xfc9fffff]
Oct 23 14:52:22 nixosLabaku kernel: pci 0000:02:0d.0: PCI bridge to [bus 0e]
Oct 23 14:52:22 nixosLabaku kernel: pci 0000:02:0d.0:   bridge window [mem 0xfc800000-0xfc8fffff]
Oct 23 14:52:22 nixosLabaku kernel: pci 0000:01:00.0: PCI bridge to [bus 02-0e]
Oct 23 14:52:22 nixosLabaku kernel: pci 0000:01:00.0:   bridge window [io  0xf000-0xffff]
Oct 23 14:52:22 nixosLabaku kernel: pci 0000:01:00.0:   bridge window [mem 0xfc300000-0xfc9fffff]
Oct 23 14:52:22 nixosLabaku kernel: pci 0000:01:00.0:   bridge window [mem 0xfcf0300000-0xfcf03fffff 64bit pref]
Oct 23 14:52:22 nixosLabaku kernel: pci 0000:00:02.1: PCI bridge to [bus 01-0e]
Oct 23 14:52:22 nixosLabaku kernel: pci 0000:00:02.1:   bridge window [io  0xf000-0xffff]
Oct 23 14:52:22 nixosLabaku kernel: pci 0000:00:02.1:   bridge window [mem 0xfc300000-0xfc9fffff]
Oct 23 14:52:22 nixosLabaku kernel: pci 0000:00:02.1:   bridge window [mem 0xfcf0300000-0xfcf03fffff 64bit pref]
Oct 23 14:52:22 nixosLabaku kernel: pci 0000:00:02.2: PCI bridge to [bus 0f]
Oct 23 14:52:22 nixosLabaku kernel: pci 0000:00:02.2:   bridge window [mem 0xfcf00000-0xfcffffff]
Oct 23 14:52:22 nixosLabaku kernel: pci 0000:00:08.1: PCI bridge to [bus 10]
Oct 23 14:52:22 nixosLabaku kernel: pci 0000:00:08.1:   bridge window [io  0xe000-0xefff]
Oct 23 14:52:22 nixosLabaku kernel: pci 0000:00:08.1:   bridge window [mem 0xfca00000-0xfcdfffff]
Oct 23 14:52:22 nixosLabaku kernel: pci 0000:00:08.1:   bridge window [mem 0xfce0000000-0xfcf01fffff 64bit pref]
Oct 23 14:52:22 nixosLabaku kernel: pci 0000:00:08.3: PCI bridge to [bus 11]
Oct 23 14:52:22 nixosLabaku kernel: pci 0000:00:08.3:   bridge window [mem 0xfce00000-0xfcefffff]
Oct 23 14:52:22 nixosLabaku kernel: pci_bus 0000:00: resource 4 [io  0x0000-0x03af window]
Oct 23 14:52:22 nixosLabaku kernel: pci_bus 0000:00: resource 5 [io  0x03e0-0x0cf7 window]
Oct 23 14:52:22 nixosLabaku kernel: pci_bus 0000:00: resource 6 [io  0x03b0-0x03df window]
Oct 23 14:52:22 nixosLabaku kernel: pci_bus 0000:00: resource 7 [io  0x0d00-0xffff window]
Oct 23 14:52:22 nixosLabaku kernel: pci_bus 0000:00: resource 8 [mem 0x000a0000-0x000dffff window]
Oct 23 14:52:22 nixosLabaku kernel: pci_bus 0000:00: resource 9 [mem 0x80000000-0xfcffffff window]
Oct 23 14:52:22 nixosLabaku kernel: pci_bus 0000:00: resource 10 [mem 0x880000000-0xfcffffffff window]
Oct 23 14:52:22 nixosLabaku kernel: pci_bus 0000:01: resource 0 [io  0xf000-0xffff]
Oct 23 14:52:22 nixosLabaku kernel: pci_bus 0000:01: resource 1 [mem 0xfc300000-0xfc9fffff]
Oct 23 14:52:22 nixosLabaku kernel: pci_bus 0000:01: resource 2 [mem 0xfcf0300000-0xfcf03fffff 64bit pref]
Oct 23 14:52:22 nixosLabaku kernel: pci_bus 0000:02: resource 0 [io  0xf000-0xffff]
Oct 23 14:52:22 nixosLabaku kernel: pci_bus 0000:02: resource 1 [mem 0xfc300000-0xfc9fffff]
Oct 23 14:52:22 nixosLabaku kernel: pci_bus 0000:02: resource 2 [mem 0xfcf0300000-0xfcf03fffff 64bit pref]
Oct 23 14:52:22 nixosLabaku kernel: pci_bus 0000:05: resource 0 [io  0xf000-0xffff]
Oct 23 14:52:22 nixosLabaku kernel: pci_bus 0000:05: resource 1 [mem 0xfc300000-0xfc7fffff]
Oct 23 14:52:22 nixosLabaku kernel: pci_bus 0000:05: resource 2 [mem 0xfcf0300000-0xfcf03fffff 64bit pref]
Oct 23 14:52:22 nixosLabaku kernel: pci_bus 0000:06: resource 0 [io  0xf000-0xffff]
Oct 23 14:52:22 nixosLabaku kernel: pci_bus 0000:06: resource 1 [mem 0xfc300000-0xfc7fffff]
Oct 23 14:52:22 nixosLabaku kernel: pci_bus 0000:06: resource 2 [mem 0xfcf0300000-0xfcf03fffff 64bit pref]
Oct 23 14:52:22 nixosLabaku kernel: pci_bus 0000:08: resource 0 [io  0xf000-0xffff]
Oct 23 14:52:22 nixosLabaku kernel: pci_bus 0000:08: resource 1 [mem 0xfc700000-0xfc7fffff]
Oct 23 14:52:22 nixosLabaku kernel: pci_bus 0000:09: resource 1 [mem 0xfc600000-0xfc6fffff]
Oct 23 14:52:22 nixosLabaku kernel: pci_bus 0000:09: resource 2 [mem 0xfcf0300000-0xfcf03fffff 64bit pref]
Oct 23 14:52:22 nixosLabaku kernel: pci_bus 0000:0a: resource 1 [mem 0xfc500000-0xfc5fffff]
Oct 23 14:52:22 nixosLabaku kernel: pci_bus 0000:0b: resource 1 [mem 0xfc400000-0xfc4fffff]
Oct 23 14:52:22 nixosLabaku kernel: pci_bus 0000:0c: resource 1 [mem 0xfc300000-0xfc3fffff]
Oct 23 14:52:22 nixosLabaku kernel: pci_bus 0000:0d: resource 1 [mem 0xfc900000-0xfc9fffff]
Oct 23 14:52:22 nixosLabaku kernel: pci_bus 0000:0e: resource 1 [mem 0xfc800000-0xfc8fffff]
Oct 23 14:52:22 nixosLabaku kernel: pci_bus 0000:0f: resource 1 [mem 0xfcf00000-0xfcffffff]
Oct 23 14:52:22 nixosLabaku kernel: pci_bus 0000:10: resource 0 [io  0xe000-0xefff]
Oct 23 14:52:22 nixosLabaku kernel: pci_bus 0000:10: resource 1 [mem 0xfca00000-0xfcdfffff]
Oct 23 14:52:22 nixosLabaku kernel: pci_bus 0000:10: resource 2 [mem 0xfce0000000-0xfcf01fffff 64bit pref]
Oct 23 14:52:22 nixosLabaku kernel: pci_bus 0000:11: resource 1 [mem 0xfce00000-0xfcefffff]
Oct 23 14:52:22 nixosLabaku kernel: pci 0000:10:00.1: D0 power state depends on 0000:10:00.0
Oct 23 14:52:22 nixosLabaku kernel: PCI: CLS 64 bytes, default 64
Oct 23 14:52:22 nixosLabaku kernel: pci 0000:00:00.2: AMD-Vi: IOMMU performance counters supported
Oct 23 14:52:22 nixosLabaku kernel: Trying to unpack rootfs image as initramfs...
Oct 23 14:52:22 nixosLabaku kernel: pci 0000:00:01.0: Adding to iommu group 0
Oct 23 14:52:22 nixosLabaku kernel: pci 0000:00:02.0: Adding to iommu group 1
Oct 23 14:52:22 nixosLabaku kernel: pci 0000:00:02.1: Adding to iommu group 2
Oct 23 14:52:22 nixosLabaku kernel: pci 0000:00:02.2: Adding to iommu group 3
Oct 23 14:52:22 nixosLabaku kernel: pci 0000:00:03.0: Adding to iommu group 4
Oct 23 14:52:22 nixosLabaku kernel: pci 0000:00:04.0: Adding to iommu group 5
Oct 23 14:52:22 nixosLabaku kernel: pci 0000:00:08.0: Adding to iommu group 6
Oct 23 14:52:22 nixosLabaku kernel: pci 0000:00:08.1: Adding to iommu group 7
Oct 23 14:52:22 nixosLabaku kernel: pci 0000:00:08.3: Adding to iommu group 8
Oct 23 14:52:22 nixosLabaku kernel: pci 0000:00:14.0: Adding to iommu group 9
Oct 23 14:52:22 nixosLabaku kernel: pci 0000:00:14.3: Adding to iommu group 9
Oct 23 14:52:22 nixosLabaku kernel: pci 0000:00:18.0: Adding to iommu group 10
Oct 23 14:52:22 nixosLabaku kernel: pci 0000:00:18.1: Adding to iommu group 10
Oct 23 14:52:22 nixosLabaku kernel: pci 0000:00:18.2: Adding to iommu group 10
Oct 23 14:52:22 nixosLabaku kernel: pci 0000:00:18.3: Adding to iommu group 10
Oct 23 14:52:22 nixosLabaku kernel: pci 0000:00:18.4: Adding to iommu group 10
Oct 23 14:52:22 nixosLabaku kernel: pci 0000:00:18.5: Adding to iommu group 10
Oct 23 14:52:22 nixosLabaku kernel: pci 0000:00:18.6: Adding to iommu group 10
Oct 23 14:52:22 nixosLabaku kernel: pci 0000:00:18.7: Adding to iommu group 10
Oct 23 14:52:22 nixosLabaku kernel: pci 0000:01:00.0: Adding to iommu group 11
Oct 23 14:52:22 nixosLabaku kernel: pci 0000:02:00.0: Adding to iommu group 12
Oct 23 14:52:22 nixosLabaku kernel: pci 0000:02:04.0: Adding to iommu group 13
Oct 23 14:52:22 nixosLabaku kernel: pci 0000:02:08.0: Adding to iommu group 14
Oct 23 14:52:22 nixosLabaku kernel: pci 0000:02:0c.0: Adding to iommu group 15
Oct 23 14:52:22 nixosLabaku kernel: pci 0000:02:0d.0: Adding to iommu group 16
Oct 23 14:52:22 nixosLabaku kernel: pci 0000:05:00.0: Adding to iommu group 14
Oct 23 14:52:22 nixosLabaku kernel: pci 0000:06:00.0: Adding to iommu group 14
Oct 23 14:52:22 nixosLabaku kernel: pci 0000:06:04.0: Adding to iommu group 14
Oct 23 14:52:22 nixosLabaku kernel: pci 0000:06:05.0: Adding to iommu group 14
Oct 23 14:52:22 nixosLabaku kernel: pci 0000:06:08.0: Adding to iommu group 14
Oct 23 14:52:22 nixosLabaku kernel: pci 0000:06:0c.0: Adding to iommu group 14
Oct 23 14:52:22 nixosLabaku kernel: pci 0000:06:0d.0: Adding to iommu group 14
Oct 23 14:52:22 nixosLabaku kernel: pci 0000:08:00.0: Adding to iommu group 14
Oct 23 14:52:22 nixosLabaku kernel: pci 0000:09:00.0: Adding to iommu group 14
Oct 23 14:52:22 nixosLabaku kernel: pci 0000:0a:00.0: Adding to iommu group 14
Oct 23 14:52:22 nixosLabaku kernel: pci 0000:0b:00.0: Adding to iommu group 14
Oct 23 14:52:22 nixosLabaku kernel: pci 0000:0c:00.0: Adding to iommu group 14
Oct 23 14:52:22 nixosLabaku kernel: pci 0000:0d:00.0: Adding to iommu group 15
Oct 23 14:52:22 nixosLabaku kernel: pci 0000:0e:00.0: Adding to iommu group 16
Oct 23 14:52:22 nixosLabaku kernel: pci 0000:0f:00.0: Adding to iommu group 17
Oct 23 14:52:22 nixosLabaku kernel: pci 0000:10:00.0: Adding to iommu group 18
Oct 23 14:52:22 nixosLabaku kernel: pci 0000:10:00.1: Adding to iommu group 19
Oct 23 14:52:22 nixosLabaku kernel: pci 0000:10:00.2: Adding to iommu group 20
Oct 23 14:52:22 nixosLabaku kernel: pci 0000:10:00.3: Adding to iommu group 21
Oct 23 14:52:22 nixosLabaku kernel: pci 0000:10:00.4: Adding to iommu group 22
Oct 23 14:52:22 nixosLabaku kernel: pci 0000:10:00.6: Adding to iommu group 23
Oct 23 14:52:22 nixosLabaku kernel: pci 0000:11:00.0: Adding to iommu group 24
Oct 23 14:52:22 nixosLabaku kernel: pci 0000:00:00.2: AMD-Vi: Found IOMMU cap 0x40
Oct 23 14:52:22 nixosLabaku kernel: AMD-Vi: Extended features (0x246577efa2254afa, 0x0): PPR NX GT [5] IA GA PC GA_vAPIC
Oct 23 14:52:22 nixosLabaku kernel: AMD-Vi: Interrupt remapping enabled
Oct 23 14:52:22 nixosLabaku kernel: Freeing initrd memory: 13808K
Oct 23 14:52:22 nixosLabaku kernel: AMD-Vi: Virtual APIC enabled
Oct 23 14:52:22 nixosLabaku kernel: PCI-DMA: Using software bounce buffering for IO (SWIOTLB)
Oct 23 14:52:22 nixosLabaku kernel: software IO TLB: mapped [mem 0x0000000063240000-0x0000000067240000] (64MB)
Oct 23 14:52:22 nixosLabaku kernel: LVT offset 0 assigned for vector 0x400
Oct 23 14:52:22 nixosLabaku kernel: perf: AMD IBS detected (0x00000bff)
Oct 23 14:52:22 nixosLabaku kernel: perf/amd_iommu: Detected AMD IOMMU #0 (2 banks, 4 counters/bank).
Oct 23 14:52:22 nixosLabaku kernel: Initialise system trusted keyrings
Oct 23 14:52:22 nixosLabaku kernel: workingset: timestamp_bits=40 max_order=23 bucket_order=0
Oct 23 14:52:22 nixosLabaku kernel: zbud: loaded
Oct 23 14:52:22 nixosLabaku kernel: Key type asymmetric registered
Oct 23 14:52:22 nixosLabaku kernel: Asymmetric key parser 'x509' registered
Oct 23 14:52:22 nixosLabaku kernel: Block layer SCSI generic (bsg) driver version 0.4 loaded (major 251)
Oct 23 14:52:22 nixosLabaku kernel: io scheduler mq-deadline registered
Oct 23 14:52:22 nixosLabaku kernel: io scheduler kyber registered
Oct 23 14:52:22 nixosLabaku kernel: pcieport 0000:00:02.1: PME: Signaling with IRQ 27
Oct 23 14:52:22 nixosLabaku kernel: pcieport 0000:00:02.2: PME: Signaling with IRQ 28
Oct 23 14:52:22 nixosLabaku kernel: pcieport 0000:00:08.1: PME: Signaling with IRQ 29
Oct 23 14:52:22 nixosLabaku kernel: pcieport 0000:00:08.3: PME: Signaling with IRQ 30
Oct 23 14:52:22 nixosLabaku kernel: Estimated ratio of average max frequency by base frequency (times 1024): 1123
Oct 23 14:52:22 nixosLabaku kernel: Monitor-Mwait will be used to enter C-1 state
Oct 23 14:52:22 nixosLabaku kernel: ACPI: \_SB_.PLTF.C000: Found 3 idle states
Oct 23 14:52:22 nixosLabaku kernel: ACPI: \_SB_.PLTF.C002: Found 3 idle states
Oct 23 14:52:22 nixosLabaku kernel: ACPI: \_SB_.PLTF.C004: Found 3 idle states
Oct 23 14:52:22 nixosLabaku kernel: ACPI: \_SB_.PLTF.C006: Found 3 idle states
Oct 23 14:52:22 nixosLabaku kernel: ACPI: \_SB_.PLTF.C008: Found 3 idle states
Oct 23 14:52:22 nixosLabaku kernel: ACPI: \_SB_.PLTF.C00A: Found 3 idle states
Oct 23 14:52:22 nixosLabaku kernel: ACPI: \_SB_.PLTF.C00C: Found 3 idle states
Oct 23 14:52:22 nixosLabaku kernel: ACPI: \_SB_.PLTF.C00E: Found 3 idle states
Oct 23 14:52:22 nixosLabaku kernel: ACPI: \_SB_.PLTF.C001: Found 3 idle states
Oct 23 14:52:22 nixosLabaku kernel: ACPI: \_SB_.PLTF.C003: Found 3 idle states
Oct 23 14:52:22 nixosLabaku kernel: ACPI: \_SB_.PLTF.C005: Found 3 idle states
Oct 23 14:52:22 nixosLabaku kernel: ACPI: \_SB_.PLTF.C007: Found 3 idle states
Oct 23 14:52:22 nixosLabaku kernel: ACPI: \_SB_.PLTF.C009: Found 3 idle states
Oct 23 14:52:22 nixosLabaku kernel: ACPI: \_SB_.PLTF.C00B: Found 3 idle states
Oct 23 14:52:22 nixosLabaku kernel: ACPI: \_SB_.PLTF.C00D: Found 3 idle states
Oct 23 14:52:22 nixosLabaku kernel: ACPI: \_SB_.PLTF.C00F: Found 3 idle states
Oct 23 14:52:22 nixosLabaku kernel: Serial: 8250/16550 driver, 4 ports, IRQ sharing enabled
Oct 23 14:52:22 nixosLabaku kernel: 00:04: ttyS0 at I/O 0x3f8 (irq = 4, base_baud = 115200) is a 16550A
Oct 23 14:52:22 nixosLabaku kernel: Linux agpgart interface v0.103
Oct 23 14:52:22 nixosLabaku kernel: ACPI: bus type drm_connector registered
Oct 23 14:52:22 nixosLabaku kernel: usbcore: registered new interface driver usbserial_generic
Oct 23 14:52:22 nixosLabaku kernel: usbserial: USB Serial support registered for generic
Oct 23 14:52:22 nixosLabaku kernel: [drm] Initialized simpledrm 1.0.0 20200625 for simple-framebuffer.0 on minor 0
Oct 23 14:52:22 nixosLabaku kernel: Console: switching to colour frame buffer device 128x48
Oct 23 14:52:22 nixosLabaku kernel: simple-framebuffer simple-framebuffer.0: [drm] fb0: simpledrmdrmfb frame buffer device
Oct 23 14:52:22 nixosLabaku kernel: drop_monitor: Initializing network drop monitor service
Oct 23 14:52:22 nixosLabaku kernel: NET: Registered PF_INET6 protocol family
Oct 23 14:52:22 nixosLabaku kernel: Segment Routing with IPv6
Oct 23 14:52:22 nixosLabaku kernel: In-situ OAM (IOAM) with IPv6
Oct 23 14:52:22 nixosLabaku kernel: microcode: CPU1: patch_level=0x0a601203
Oct 23 14:52:22 nixosLabaku kernel: microcode: CPU2: patch_level=0x0a601203
Oct 23 14:52:22 nixosLabaku kernel: microcode: CPU3: patch_level=0x0a601203
Oct 23 14:52:22 nixosLabaku kernel: microcode: CPU4: patch_level=0x0a601203
Oct 23 14:52:22 nixosLabaku kernel: microcode: CPU8: patch_level=0x0a601203
Oct 23 14:52:22 nixosLabaku kernel: microcode: CPU5: patch_level=0x0a601203
Oct 23 14:52:22 nixosLabaku kernel: microcode: CPU6: patch_level=0x0a601203
Oct 23 14:52:22 nixosLabaku kernel: microcode: CPU7: patch_level=0x0a601203
Oct 23 14:52:22 nixosLabaku kernel: microcode: CPU9: patch_level=0x0a601203
Oct 23 14:52:22 nixosLabaku kernel: microcode: CPU10: patch_level=0x0a601203
Oct 23 14:52:22 nixosLabaku kernel: microcode: CPU11: patch_level=0x0a601203
Oct 23 14:52:22 nixosLabaku kernel: microcode: CPU12: patch_level=0x0a601203
Oct 23 14:52:22 nixosLabaku kernel: microcode: CPU0: patch_level=0x0a601203
Oct 23 14:52:22 nixosLabaku kernel: microcode: CPU13: patch_level=0x0a601203
Oct 23 14:52:22 nixosLabaku kernel: microcode: CPU15: patch_level=0x0a601203
Oct 23 14:52:22 nixosLabaku kernel: microcode: CPU14: patch_level=0x0a601203
Oct 23 14:52:22 nixosLabaku kernel: microcode: Microcode Update Driver: v2.2.
Oct 23 14:52:22 nixosLabaku kernel: resctrl: L3 allocation detected
Oct 23 14:52:22 nixosLabaku kernel: resctrl: MB allocation detected
Oct 23 14:52:22 nixosLabaku kernel: resctrl: SMBA allocation detected
Oct 23 14:52:22 nixosLabaku kernel: resctrl: L3 monitoring detected
Oct 23 14:52:22 nixosLabaku kernel: IPI shorthand broadcast: enabled
Oct 23 14:52:22 nixosLabaku kernel: sched_clock: Marking stable (593704883, 1289265)->(629248428, -34254280)
Oct 23 14:52:22 nixosLabaku kernel: registered taskstats version 1
Oct 23 14:52:22 nixosLabaku kernel: Loading compiled-in X.509 certificates
Oct 23 14:52:22 nixosLabaku kernel: Key type .fscrypt registered
Oct 23 14:52:22 nixosLabaku kernel: Key type fscrypt-provisioning registered
Oct 23 14:52:22 nixosLabaku kernel: PM:   Magic number: 12:365:886
Oct 23 14:52:22 nixosLabaku kernel: RAS: Correctable Errors collector initialized.
Oct 23 14:52:22 nixosLabaku kernel: clk: Disabling unused clocks
Oct 23 14:52:22 nixosLabaku kernel: Freeing unused decrypted memory: 2028K
Oct 23 14:52:22 nixosLabaku kernel: Freeing unused kernel image (initmem) memory: 3096K
Oct 23 14:52:22 nixosLabaku kernel: Write protecting the kernel read-only data: 26624k
Oct 23 14:52:22 nixosLabaku kernel: Freeing unused kernel image (rodata/data gap) memory: 1452K
Oct 23 14:52:22 nixosLabaku kernel: x86/mm: Checked W+X mappings: passed, no W+X pages found.
Oct 23 14:52:22 nixosLabaku kernel: Run /init as init process
Oct 23 14:52:22 nixosLabaku kernel:   with arguments:
Oct 23 14:52:22 nixosLabaku kernel:     /init
Oct 23 14:52:22 nixosLabaku kernel:   with environment:
Oct 23 14:52:22 nixosLabaku kernel:     HOME=/
Oct 23 14:52:22 nixosLabaku kernel:     TERM=linux
Oct 23 14:52:22 nixosLabaku kernel:     ip=dhcp
Oct 23 14:52:22 nixosLabaku stage-1-init: [Wed Oct 23 12:52:05 UTC 2024] loading module dm_mod...
Oct 23 14:52:22 nixosLabaku kernel: device-mapper: ioctl: 4.48.0-ioctl (2023-03-01) initialised: dm-devel@redhat.com
Oct 23 14:52:22 nixosLabaku stage-1-init: [Wed Oct 23 12:52:05 UTC 2024] loading module af_packet...
Oct 23 14:52:22 nixosLabaku kernel: NET: Registered PF_PACKET protocol family
Oct 23 14:52:22 nixosLabaku stage-1-init: [Wed Oct 23 12:52:05 UTC 2024] running udev...
Oct 23 14:52:22 nixosLabaku stage-1-init: [Wed Oct 23 12:52:05 UTC 2024] Starting systemd-udevd version 255.9
Oct 23 14:52:22 nixosLabaku kernel: rtc_cmos 00:02: RTC can wake from S4
Oct 23 14:52:22 nixosLabaku kernel: rtc_cmos 00:02: registered as rtc0
Oct 23 14:52:22 nixosLabaku kernel: rtc_cmos 00:02: setting system clock to 2024-10-23T12:52:06 UTC (1729687926)
Oct 23 14:52:22 nixosLabaku kernel: rtc_cmos 00:02: alarms up to one month, y3k, 114 bytes nvram
Oct 23 14:52:22 nixosLabaku kernel: cryptd: max_cpu_qlen set to 1000
Oct 23 14:52:22 nixosLabaku kernel: AVX2 version of gcm_enc/dec engaged.
Oct 23 14:52:22 nixosLabaku kernel: AES CTR mode by8 optimization enabled
Oct 23 14:52:22 nixosLabaku kernel: SCSI subsystem initialized
Oct 23 14:52:22 nixosLabaku kernel: xhci_hcd 0000:0b:00.0: xHCI Host Controller
Oct 23 14:52:22 nixosLabaku kernel: xhci_hcd 0000:0b:00.0: new USB bus registered, assigned bus number 1
Oct 23 14:52:22 nixosLabaku kernel: nvme nvme0: pci function 0000:0a:00.0
Oct 23 14:52:22 nixosLabaku kernel: nvme nvme1: pci function 0000:0f:00.0
Oct 23 14:52:22 nixosLabaku kernel: r8169 0000:08:00.0 eth0: RTL8125B, 08:bf:b8:6c:ab:92, XID 641, IRQ 40
Oct 23 14:52:22 nixosLabaku kernel: r8169 0000:08:00.0 eth0: jumbo features [frames: 9194 bytes, tx checksumming: ko]
Oct 23 14:52:22 nixosLabaku kernel: nvme nvme0: Shutdown timeout set to 10 seconds
Oct 23 14:52:22 nixosLabaku kernel: libata version 3.00 loaded.
Oct 23 14:52:22 nixosLabaku kernel: nvme nvme0: 8/0/0 default/read/poll queues
Oct 23 14:52:22 nixosLabaku kernel:  nvme0n1: p1 p2 p3 p4
Oct 23 14:52:22 nixosLabaku kernel: nvme nvme1: Shutdown timeout set to 8 seconds
Oct 23 14:52:22 nixosLabaku kernel: nvme nvme1: allocated 64 MiB host memory buffer.
Oct 23 14:52:22 nixosLabaku kernel: xhci_hcd 0000:0b:00.0: hcc params 0x0200ef81 hci version 0x110 quirks 0x0000000000000410
Oct 23 14:52:22 nixosLabaku kernel: xhci_hcd 0000:0b:00.0: xHCI Host Controller
Oct 23 14:52:22 nixosLabaku kernel: xhci_hcd 0000:0b:00.0: new USB bus registered, assigned bus number 2
Oct 23 14:52:22 nixosLabaku kernel: xhci_hcd 0000:0b:00.0: Host supports USB 3.2 Enhanced SuperSpeed
Oct 23 14:52:22 nixosLabaku kernel: usb usb1: New USB device found, idVendor=1d6b, idProduct=0002, bcdDevice= 6.06
Oct 23 14:52:22 nixosLabaku kernel: usb usb1: New USB device strings: Mfr=3, Product=2, SerialNumber=1
Oct 23 14:52:22 nixosLabaku kernel: usb usb1: Product: xHCI Host Controller
Oct 23 14:52:22 nixosLabaku kernel: usb usb1: Manufacturer: Linux 6.6.57 xhci-hcd
Oct 23 14:52:22 nixosLabaku kernel: usb usb1: SerialNumber: 0000:0b:00.0
Oct 23 14:52:22 nixosLabaku kernel: hub 1-0:1.0: USB hub found
Oct 23 14:52:22 nixosLabaku kernel: hub 1-0:1.0: 12 ports detected
Oct 23 14:52:22 nixosLabaku kernel: usb usb2: We don't know the algorithms for LPM for this host, disabling LPM.
Oct 23 14:52:22 nixosLabaku kernel: usb usb2: New USB device found, idVendor=1d6b, idProduct=0003, bcdDevice= 6.06
Oct 23 14:52:22 nixosLabaku kernel: usb usb2: New USB device strings: Mfr=3, Product=2, SerialNumber=1
Oct 23 14:52:22 nixosLabaku kernel: usb usb2: Product: xHCI Host Controller
Oct 23 14:52:22 nixosLabaku kernel: usb usb2: Manufacturer: Linux 6.6.57 xhci-hcd
Oct 23 14:52:22 nixosLabaku kernel: usb usb2: SerialNumber: 0000:0b:00.0
Oct 23 14:52:22 nixosLabaku kernel: hub 2-0:1.0: USB hub found
Oct 23 14:52:22 nixosLabaku kernel: hub 2-0:1.0: 5 ports detected
Oct 23 14:52:22 nixosLabaku kernel: xhci_hcd 0000:0d:00.0: xHCI Host Controller
Oct 23 14:52:22 nixosLabaku kernel: xhci_hcd 0000:0d:00.0: new USB bus registered, assigned bus number 3
Oct 23 14:52:22 nixosLabaku kernel: nvme nvme1: 12/0/0 default/read/poll queues
Oct 23 14:52:22 nixosLabaku kernel:  nvme1n1: p1 p2
Oct 23 14:52:22 nixosLabaku kernel: r8169 0000:08:00.0 eno1: renamed from eth0
Oct 23 14:52:22 nixosLabaku kernel: ahci 0000:0c:00.0: version 3.0
Oct 23 14:52:22 nixosLabaku kernel: ahci 0000:0c:00.0: enabling device (0000 -> 0002)
Oct 23 14:52:22 nixosLabaku kernel: ahci 0000:0c:00.0: SSS flag set, parallel bus scan disabled
Oct 23 14:52:22 nixosLabaku kernel: ahci 0000:0c:00.0: AHCI 0001.0301 32 slots 6 ports 6 Gbps 0xf impl SATA mode
Oct 23 14:52:22 nixosLabaku kernel: ahci 0000:0c:00.0: flags: 64bit ncq sntf stag pm led clo only pmp pio slum part sxs deso sadm sds apst 
Oct 23 14:52:22 nixosLabaku kernel: scsi host0: ahci
Oct 23 14:52:22 nixosLabaku kernel: scsi host1: ahci
Oct 23 14:52:22 nixosLabaku kernel: scsi host2: ahci
Oct 23 14:52:22 nixosLabaku kernel: scsi host3: ahci
Oct 23 14:52:22 nixosLabaku kernel: scsi host4: ahci
Oct 23 14:52:22 nixosLabaku kernel: scsi host5: ahci
Oct 23 14:52:22 nixosLabaku kernel: ata1: SATA max UDMA/133 abar m1024@0xfc380000 port 0xfc380100 irq 70
Oct 23 14:52:22 nixosLabaku kernel: ata2: SATA max UDMA/133 abar m1024@0xfc380000 port 0xfc380180 irq 70
Oct 23 14:52:22 nixosLabaku kernel: ata3: SATA max UDMA/133 abar m1024@0xfc380000 port 0xfc380200 irq 70
Oct 23 14:52:22 nixosLabaku kernel: ata4: SATA max UDMA/133 abar m1024@0xfc380000 port 0xfc380280 irq 70
Oct 23 14:52:22 nixosLabaku kernel: ata5: DUMMY
Oct 23 14:52:22 nixosLabaku kernel: ata6: DUMMY
Oct 23 14:52:22 nixosLabaku kernel: ahci 0000:0e:00.0: enabling device (0000 -> 0002)
Oct 23 14:52:22 nixosLabaku kernel: ahci 0000:0e:00.0: SSS flag set, parallel bus scan disabled
Oct 23 14:52:22 nixosLabaku kernel: ahci 0000:0e:00.0: AHCI 0001.0301 32 slots 6 ports 6 Gbps 0xf impl SATA mode
Oct 23 14:52:22 nixosLabaku kernel: ahci 0000:0e:00.0: flags: 64bit ncq sntf stag pm led clo only pmp pio slum part sxs deso sadm sds apst 
Oct 23 14:52:22 nixosLabaku kernel: scsi host6: ahci
Oct 23 14:52:22 nixosLabaku kernel: scsi host7: ahci
Oct 23 14:52:22 nixosLabaku kernel: scsi host8: ahci
Oct 23 14:52:22 nixosLabaku kernel: scsi host9: ahci
Oct 23 14:52:22 nixosLabaku kernel: scsi host10: ahci
Oct 23 14:52:22 nixosLabaku kernel: scsi host11: ahci
Oct 23 14:52:22 nixosLabaku kernel: ata7: SATA max UDMA/133 abar m1024@0xfc880000 port 0xfc880100 irq 71
Oct 23 14:52:22 nixosLabaku kernel: ata8: SATA max UDMA/133 abar m1024@0xfc880000 port 0xfc880180 irq 71
Oct 23 14:52:22 nixosLabaku kernel: ata9: SATA max UDMA/133 abar m1024@0xfc880000 port 0xfc880200 irq 71
Oct 23 14:52:22 nixosLabaku kernel: ata10: SATA max UDMA/133 abar m1024@0xfc880000 port 0xfc880280 irq 71
Oct 23 14:52:22 nixosLabaku kernel: ata11: DUMMY
Oct 23 14:52:22 nixosLabaku kernel: ata12: DUMMY
Oct 23 14:52:22 nixosLabaku kernel: xhci_hcd 0000:0d:00.0: hcc params 0x0200ef81 hci version 0x110 quirks 0x0000000000000410
Oct 23 14:52:22 nixosLabaku kernel: xhci_hcd 0000:0d:00.0: xHCI Host Controller
Oct 23 14:52:22 nixosLabaku kernel: xhci_hcd 0000:0d:00.0: new USB bus registered, assigned bus number 4
Oct 23 14:52:22 nixosLabaku kernel: xhci_hcd 0000:0d:00.0: Host supports USB 3.1 Enhanced SuperSpeed
Oct 23 14:52:22 nixosLabaku kernel: usb usb3: New USB device found, idVendor=1d6b, idProduct=0002, bcdDevice= 6.06
Oct 23 14:52:22 nixosLabaku kernel: usb usb3: New USB device strings: Mfr=3, Product=2, SerialNumber=1
Oct 23 14:52:22 nixosLabaku kernel: usb usb3: Product: xHCI Host Controller
Oct 23 14:52:22 nixosLabaku kernel: usb usb3: Manufacturer: Linux 6.6.57 xhci-hcd
Oct 23 14:52:22 nixosLabaku kernel: usb usb3: SerialNumber: 0000:0d:00.0
Oct 23 14:52:22 nixosLabaku kernel: hub 3-0:1.0: USB hub found
Oct 23 14:52:22 nixosLabaku kernel: hub 3-0:1.0: 12 ports detected
Oct 23 14:52:22 nixosLabaku kernel: usb usb4: We don't know the algorithms for LPM for this host, disabling LPM.
Oct 23 14:52:22 nixosLabaku kernel: usb usb4: New USB device found, idVendor=1d6b, idProduct=0003, bcdDevice= 6.06
Oct 23 14:52:22 nixosLabaku kernel: usb usb4: New USB device strings: Mfr=3, Product=2, SerialNumber=1
Oct 23 14:52:22 nixosLabaku kernel: usb usb4: Product: xHCI Host Controller
Oct 23 14:52:22 nixosLabaku kernel: usb usb4: Manufacturer: Linux 6.6.57 xhci-hcd
Oct 23 14:52:22 nixosLabaku kernel: usb usb4: SerialNumber: 0000:0d:00.0
Oct 23 14:52:22 nixosLabaku kernel: hub 4-0:1.0: USB hub found
Oct 23 14:52:22 nixosLabaku kernel: hub 4-0:1.0: 6 ports detected
Oct 23 14:52:22 nixosLabaku kernel: usb: port power management may be unreliable
Oct 23 14:52:22 nixosLabaku kernel: xhci_hcd 0000:10:00.3: xHCI Host Controller
Oct 23 14:52:22 nixosLabaku kernel: xhci_hcd 0000:10:00.3: new USB bus registered, assigned bus number 5
Oct 23 14:52:22 nixosLabaku kernel: xhci_hcd 0000:10:00.3: hcc params 0x0120ffc5 hci version 0x120 quirks 0x0000000200000410
Oct 23 14:52:22 nixosLabaku kernel: xhci_hcd 0000:10:00.3: xHCI Host Controller
Oct 23 14:52:22 nixosLabaku kernel: xhci_hcd 0000:10:00.3: new USB bus registered, assigned bus number 6
Oct 23 14:52:22 nixosLabaku kernel: xhci_hcd 0000:10:00.3: Host supports USB 3.1 Enhanced SuperSpeed
Oct 23 14:52:22 nixosLabaku kernel: usb usb5: New USB device found, idVendor=1d6b, idProduct=0002, bcdDevice= 6.06
Oct 23 14:52:22 nixosLabaku kernel: usb usb5: New USB device strings: Mfr=3, Product=2, SerialNumber=1
Oct 23 14:52:22 nixosLabaku kernel: usb usb5: Product: xHCI Host Controller
Oct 23 14:52:22 nixosLabaku kernel: usb usb5: Manufacturer: Linux 6.6.57 xhci-hcd
Oct 23 14:52:22 nixosLabaku kernel: usb usb5: SerialNumber: 0000:10:00.3
Oct 23 14:52:22 nixosLabaku kernel: hub 5-0:1.0: USB hub found
Oct 23 14:52:22 nixosLabaku kernel: hub 5-0:1.0: 2 ports detected
Oct 23 14:52:22 nixosLabaku kernel: usb usb6: We don't know the algorithms for LPM for this host, disabling LPM.
Oct 23 14:52:22 nixosLabaku kernel: usb usb6: New USB device found, idVendor=1d6b, idProduct=0003, bcdDevice= 6.06
Oct 23 14:52:22 nixosLabaku kernel: usb usb6: New USB device strings: Mfr=3, Product=2, SerialNumber=1
Oct 23 14:52:22 nixosLabaku kernel: usb usb6: Product: xHCI Host Controller
Oct 23 14:52:22 nixosLabaku kernel: usb usb6: Manufacturer: Linux 6.6.57 xhci-hcd
Oct 23 14:52:22 nixosLabaku kernel: usb usb6: SerialNumber: 0000:10:00.3
Oct 23 14:52:22 nixosLabaku kernel: hub 6-0:1.0: USB hub found
Oct 23 14:52:22 nixosLabaku kernel: hub 6-0:1.0: 2 ports detected
Oct 23 14:52:22 nixosLabaku kernel: xhci_hcd 0000:10:00.4: xHCI Host Controller
Oct 23 14:52:22 nixosLabaku kernel: xhci_hcd 0000:10:00.4: new USB bus registered, assigned bus number 7
Oct 23 14:52:22 nixosLabaku kernel: xhci_hcd 0000:10:00.4: hcc params 0x0120ffc5 hci version 0x120 quirks 0x0000000200000410
Oct 23 14:52:22 nixosLabaku kernel: xhci_hcd 0000:10:00.4: xHCI Host Controller
Oct 23 14:52:22 nixosLabaku kernel: xhci_hcd 0000:10:00.4: new USB bus registered, assigned bus number 8
Oct 23 14:52:22 nixosLabaku kernel: xhci_hcd 0000:10:00.4: Host supports USB 3.1 Enhanced SuperSpeed
Oct 23 14:52:22 nixosLabaku kernel: usb usb7: New USB device found, idVendor=1d6b, idProduct=0002, bcdDevice= 6.06
Oct 23 14:52:22 nixosLabaku kernel: usb usb7: New USB device strings: Mfr=3, Product=2, SerialNumber=1
Oct 23 14:52:22 nixosLabaku kernel: usb usb7: Product: xHCI Host Controller
Oct 23 14:52:22 nixosLabaku kernel: usb usb7: Manufacturer: Linux 6.6.57 xhci-hcd
Oct 23 14:52:22 nixosLabaku kernel: usb usb7: SerialNumber: 0000:10:00.4
Oct 23 14:52:22 nixosLabaku kernel: hub 7-0:1.0: USB hub found
Oct 23 14:52:22 nixosLabaku kernel: hub 7-0:1.0: 2 ports detected
Oct 23 14:52:22 nixosLabaku kernel: usb usb8: We don't know the algorithms for LPM for this host, disabling LPM.
Oct 23 14:52:22 nixosLabaku kernel: usb usb8: New USB device found, idVendor=1d6b, idProduct=0003, bcdDevice= 6.06
Oct 23 14:52:22 nixosLabaku kernel: usb usb8: New USB device strings: Mfr=3, Product=2, SerialNumber=1
Oct 23 14:52:22 nixosLabaku kernel: usb usb8: Product: xHCI Host Controller
Oct 23 14:52:22 nixosLabaku kernel: usb usb8: Manufacturer: Linux 6.6.57 xhci-hcd
Oct 23 14:52:22 nixosLabaku kernel: usb usb8: SerialNumber: 0000:10:00.4
Oct 23 14:52:22 nixosLabaku kernel: hub 8-0:1.0: USB hub found
Oct 23 14:52:22 nixosLabaku kernel: hub 8-0:1.0: 2 ports detected
Oct 23 14:52:22 nixosLabaku kernel: xhci_hcd 0000:11:00.0: xHCI Host Controller
Oct 23 14:52:22 nixosLabaku kernel: xhci_hcd 0000:11:00.0: new USB bus registered, assigned bus number 9
Oct 23 14:52:22 nixosLabaku kernel: xhci_hcd 0000:11:00.0: USB3 root hub has no ports
Oct 23 14:52:22 nixosLabaku kernel: xhci_hcd 0000:11:00.0: hcc params 0x0110ffc5 hci version 0x120 quirks 0x0000000200000410
Oct 23 14:52:22 nixosLabaku kernel: xhci_hcd 0000:11:00.0: xHCI Host Controller
Oct 23 14:52:22 nixosLabaku kernel: xhci_hcd 0000:11:00.0: new USB bus registered, assigned bus number 10
Oct 23 14:52:22 nixosLabaku kernel: xhci_hcd 0000:11:00.0: Host supports USB 3.0 SuperSpeed
Oct 23 14:52:22 nixosLabaku kernel: usb usb9: New USB device found, idVendor=1d6b, idProduct=0002, bcdDevice= 6.06
Oct 23 14:52:22 nixosLabaku kernel: usb usb9: New USB device strings: Mfr=3, Product=2, SerialNumber=1
Oct 23 14:52:22 nixosLabaku kernel: usb usb9: Product: xHCI Host Controller
Oct 23 14:52:22 nixosLabaku kernel: usb usb9: Manufacturer: Linux 6.6.57 xhci-hcd
Oct 23 14:52:22 nixosLabaku kernel: usb usb9: SerialNumber: 0000:11:00.0
Oct 23 14:52:22 nixosLabaku kernel: hub 9-0:1.0: USB hub found
Oct 23 14:52:22 nixosLabaku kernel: hub 9-0:1.0: 1 port detected
Oct 23 14:52:22 nixosLabaku kernel: usb usb10: We don't know the algorithms for LPM for this host, disabling LPM.
Oct 23 14:52:22 nixosLabaku kernel: usb usb10: New USB device found, idVendor=1d6b, idProduct=0003, bcdDevice= 6.06
Oct 23 14:52:22 nixosLabaku kernel: usb usb10: New USB device strings: Mfr=3, Product=2, SerialNumber=1
Oct 23 14:52:22 nixosLabaku kernel: usb usb10: Product: xHCI Host Controller
Oct 23 14:52:22 nixosLabaku kernel: usb usb10: Manufacturer: Linux 6.6.57 xhci-hcd
Oct 23 14:52:22 nixosLabaku kernel: usb usb10: SerialNumber: 0000:11:00.0
Oct 23 14:52:22 nixosLabaku kernel: hub 10-0:1.0: USB hub found
Oct 23 14:52:22 nixosLabaku kernel: hub 10-0:1.0: config failed, hub doesn't have any ports! (err -19)
Oct 23 14:52:22 nixosLabaku kernel: usb 1-8: new full-speed USB device number 2 using xhci_hcd
Oct 23 14:52:22 nixosLabaku kernel: usb 7-2: new high-speed USB device number 2 using xhci_hcd
Oct 23 14:52:22 nixosLabaku kernel: ata7: SATA link down (SStatus 0 SControl 300)
Oct 23 14:52:22 nixosLabaku kernel: ata1: SATA link down (SStatus 0 SControl 300)
Oct 23 14:52:22 nixosLabaku kernel: usb 3-2: new high-speed USB device number 2 using xhci_hcd
Oct 23 14:52:22 nixosLabaku kernel: usb 7-2: New USB device found, idVendor=2109, idProduct=2817, bcdDevice= 7.63
Oct 23 14:52:22 nixosLabaku kernel: usb 7-2: New USB device strings: Mfr=1, Product=2, SerialNumber=3
Oct 23 14:52:22 nixosLabaku kernel: usb 7-2: Product: USB2.0 Hub             
Oct 23 14:52:22 nixosLabaku kernel: usb 7-2: Manufacturer: VIA Labs, Inc.         
Oct 23 14:52:22 nixosLabaku kernel: usb 7-2: SerialNumber: 000000000
Oct 23 14:52:22 nixosLabaku kernel: hub 7-2:1.0: USB hub found
Oct 23 14:52:22 nixosLabaku kernel: hub 7-2:1.0: 4 ports detected
Oct 23 14:52:22 nixosLabaku kernel: usb 8-1: new SuperSpeed USB device number 2 using xhci_hcd
Oct 23 14:52:22 nixosLabaku kernel: usb 8-1: New USB device found, idVendor=174c, idProduct=55aa, bcdDevice= 1.00
Oct 23 14:52:22 nixosLabaku kernel: usb 8-1: New USB device strings: Mfr=2, Product=3, SerialNumber=1
Oct 23 14:52:22 nixosLabaku kernel: usb 8-1: Product: ASM225
Oct 23 14:52:22 nixosLabaku kernel: usb 8-1: Manufacturer: SABRENT
Oct 23 14:52:22 nixosLabaku kernel: usb 8-1: SerialNumber: AAAABBBBCCCC0003
Oct 23 14:52:22 nixosLabaku kernel: usb 3-2: New USB device found, idVendor=0489, idProduct=e0e2, bcdDevice= 1.00
Oct 23 14:52:22 nixosLabaku kernel: usb 3-2: New USB device strings: Mfr=5, Product=6, SerialNumber=7
Oct 23 14:52:22 nixosLabaku kernel: usb 3-2: Product: Wireless_Device
Oct 23 14:52:22 nixosLabaku kernel: usb 3-2: Manufacturer: MediaTek Inc.
Oct 23 14:52:22 nixosLabaku kernel: usb 3-2: SerialNumber: 000000000
Oct 23 14:52:22 nixosLabaku kernel: ata2: SATA link down (SStatus 0 SControl 300)
Oct 23 14:52:22 nixosLabaku kernel: usb 8-2: new SuperSpeed USB device number 3 using xhci_hcd
Oct 23 14:52:22 nixosLabaku kernel: usb 1-8: New USB device found, idVendor=1b1c, idProduct=0c37, bcdDevice= 1.00
Oct 23 14:52:22 nixosLabaku kernel: usb 1-8: New USB device strings: Mfr=1, Product=2, SerialNumber=0
Oct 23 14:52:22 nixosLabaku kernel: usb 1-8: Product: H150iELITE
Oct 23 14:52:22 nixosLabaku kernel: usb 1-8: Manufacturer: Corsair Inc.
Oct 23 14:52:22 nixosLabaku kernel: usb 8-2: New USB device found, idVendor=2109, idProduct=0817, bcdDevice= 7.63
Oct 23 14:52:22 nixosLabaku kernel: usb 8-2: New USB device strings: Mfr=1, Product=2, SerialNumber=3
Oct 23 14:52:22 nixosLabaku kernel: usb 8-2: Product: USB3.0 Hub             
Oct 23 14:52:22 nixosLabaku kernel: usb 8-2: Manufacturer: VIA Labs, Inc.         
Oct 23 14:52:22 nixosLabaku kernel: usb 8-2: SerialNumber: 000000000
Oct 23 14:52:22 nixosLabaku kernel: hub 8-2:1.0: USB hub found
Oct 23 14:52:22 nixosLabaku kernel: hub 8-2:1.0: 4 ports detected
Oct 23 14:52:22 nixosLabaku kernel: usb 3-8: new full-speed USB device number 3 using xhci_hcd
Oct 23 14:52:22 nixosLabaku kernel: tsc: Refined TSC clocksource calibration: 4199.979 MHz
Oct 23 14:52:22 nixosLabaku kernel: clocksource: tsc: mask: 0xffffffffffffffff max_cycles: 0x3c8a4da3a59, max_idle_ns: 440795302655 ns
Oct 23 14:52:22 nixosLabaku kernel: clocksource: Switched to clocksource tsc
Oct 23 14:52:22 nixosLabaku kernel: ata3: SATA link up 6.0 Gbps (SStatus 133 SControl 300)
Oct 23 14:52:22 nixosLabaku kernel: ata3.00: supports DRM functions and may not be fully accessible
Oct 23 14:52:22 nixosLabaku kernel: ata3.00: ATA-9: Samsung SSD 840 EVO 500GB, EXT0DB6Q, max UDMA/133
Oct 23 14:52:22 nixosLabaku kernel: ata3.00: 976773168 sectors, multi 1: LBA48 NCQ (depth 32), AA
Oct 23 14:52:22 nixosLabaku kernel: ata3.00: Features: Trust NCQ-sndrcv
Oct 23 14:52:22 nixosLabaku kernel: ata3.00: supports DRM functions and may not be fully accessible
Oct 23 14:52:22 nixosLabaku kernel: ata3.00: configured for UDMA/133
Oct 23 14:52:22 nixosLabaku kernel: scsi 2:0:0:0: Direct-Access     ATA      Samsung SSD 840  DB6Q PQ: 0 ANSI: 5
Oct 23 14:52:22 nixosLabaku kernel: usb 3-8: config 1 has an invalid interface number: 2 but max is 1
Oct 23 14:52:22 nixosLabaku kernel: usb 3-8: config 1 has no interface number 1
Oct 23 14:52:22 nixosLabaku kernel: usb 3-8: New USB device found, idVendor=0b05, idProduct=19af, bcdDevice= 1.00
Oct 23 14:52:22 nixosLabaku kernel: usb 3-8: New USB device strings: Mfr=1, Product=2, SerialNumber=3
Oct 23 14:52:22 nixosLabaku kernel: usb 3-8: Product: AURA LED Controller
Oct 23 14:52:22 nixosLabaku kernel: usb 3-8: Manufacturer: AsusTek Computer Inc.
Oct 23 14:52:22 nixosLabaku kernel: usb 3-8: SerialNumber: 9876543210
Oct 23 14:52:22 nixosLabaku kernel: usb 7-2.1: new full-speed USB device number 3 using xhci_hcd
Oct 23 14:52:22 nixosLabaku kernel: usb 7-2.1: New USB device found, idVendor=1532, idProduct=00b2, bcdDevice= 1.01
Oct 23 14:52:22 nixosLabaku kernel: usb 7-2.1: New USB device strings: Mfr=1, Product=2, SerialNumber=0
Oct 23 14:52:22 nixosLabaku kernel: usb 7-2.1: Product: Razer DeathAdder V3
Oct 23 14:52:22 nixosLabaku kernel: usb 7-2.1: Manufacturer: Razer
Oct 23 14:52:22 nixosLabaku kernel: usb 8-2.2: new SuperSpeed USB device number 4 using xhci_hcd
Oct 23 14:52:22 nixosLabaku kernel: usb 8-2.2: New USB device found, idVendor=0bda, idProduct=0411, bcdDevice= 1.31
Oct 23 14:52:22 nixosLabaku kernel: usb 8-2.2: New USB device strings: Mfr=1, Product=2, SerialNumber=0
Oct 23 14:52:22 nixosLabaku kernel: usb 8-2.2: Product: USB3.2 Hub
Oct 23 14:52:22 nixosLabaku kernel: usb 8-2.2: Manufacturer: Generic
Oct 23 14:52:22 nixosLabaku kernel: hub 8-2.2:1.0: USB hub found
Oct 23 14:52:22 nixosLabaku kernel: hub 8-2.2:1.0: 2 ports detected
Oct 23 14:52:22 nixosLabaku kernel: ata4: SATA link up 6.0 Gbps (SStatus 133 SControl 300)
Oct 23 14:52:22 nixosLabaku kernel: ata4.00: supports DRM functions and may not be fully accessible
Oct 23 14:52:22 nixosLabaku kernel: ata4.00: ATA-11: Samsung SSD 870 QVO 4TB, SVQ02B6Q, max UDMA/133
Oct 23 14:52:22 nixosLabaku kernel: ata4.00: 7814037168 sectors, multi 1: LBA48 NCQ (depth 32), AA
Oct 23 14:52:22 nixosLabaku kernel: ata4.00: Features: Trust Dev-Sleep NCQ-sndrcv
Oct 23 14:52:22 nixosLabaku kernel: ata4.00: supports DRM functions and may not be fully accessible
Oct 23 14:52:22 nixosLabaku kernel: ata4.00: configured for UDMA/133
Oct 23 14:52:22 nixosLabaku kernel: scsi 3:0:0:0: Direct-Access     ATA      Samsung SSD 870  2B6Q PQ: 0 ANSI: 5
Oct 23 14:52:22 nixosLabaku kernel: usb 7-2.2: new high-speed USB device number 4 using xhci_hcd
Oct 23 14:52:22 nixosLabaku kernel: usb 7-2.2: New USB device found, idVendor=0bda, idProduct=5411, bcdDevice= 1.31
Oct 23 14:52:22 nixosLabaku kernel: usb 7-2.2: New USB device strings: Mfr=1, Product=2, SerialNumber=0
